******************************************************************************
                  MSP430 Linker Unix v21.6.0                   
******************************************************************************
>> Linked Wed Sep 14 09:10:10 2022

OUTPUT FILE NAME:   <qpc_dpp.out>
ENTRY POINT SYMBOL: "_c_int00_noargs"  address: 0000d276


MEMORY CONFIGURATION

         name            origin    length      used     unused   attr    fill
----------------------  --------  ---------  --------  --------  ----  --------
  SFR                   00000000   00000010  00000000  00000010  RWIX
  PERIPHERALS_8BIT      00000010   000000f0  00000000  000000f0  RWIX
  PERIPHERALS_16BIT     00000100   00000100  00000000  00000100  RWIX
  RAM                   00000200   00000200  0000015f  000000a1  RWIX
  INFOD                 00001000   00000040  00000000  00000040  RWIX
  INFOC                 00001040   00000040  00000000  00000040  RWIX
  INFOB                 00001080   00000040  00000000  00000040  RWIX
  INFOA                 000010c0   00000040  00000000  00000040  RWIX
  FLASH                 0000c000   00003fde  00001478  00002b66  RWIX
  BSLSIGNATURE          0000ffde   00000002  00000002  00000000  RWIX  ffff 
  INT00                 0000ffe0   00000002  00000002  00000000  RWIX
  INT01                 0000ffe2   00000002  00000000  00000002  RWIX
  INT02                 0000ffe4   00000002  00000002  00000000  RWIX
  INT03                 0000ffe6   00000002  00000002  00000000  RWIX
  INT04                 0000ffe8   00000002  00000000  00000002  RWIX
  INT05                 0000ffea   00000002  00000002  00000000  RWIX
  INT06                 0000ffec   00000002  00000002  00000000  RWIX
  INT07                 0000ffee   00000002  00000002  00000000  RWIX
  INT08                 0000fff0   00000002  00000002  00000000  RWIX
  INT09                 0000fff2   00000002  00000002  00000000  RWIX
  INT10                 0000fff4   00000002  00000002  00000000  RWIX
  INT11                 0000fff6   00000002  00000002  00000000  RWIX
  INT12                 0000fff8   00000002  00000002  00000000  RWIX
  INT13                 0000fffa   00000002  00000002  00000000  RWIX
  INT14                 0000fffc   00000002  00000002  00000000  RWIX
  RESET                 0000fffe   00000002  00000002  00000000  RWIX


SECTION ALLOCATION MAP

 output                                  attributes/
section   page    origin      length       input sections
--------  ----  ----------  ----------   ----------------
.bss       0    00000200    0000010d     UNINITIALIZED
                  00000200    00000096     philo.obj (.bss:l_philo)
                  00000296    00000032     main.obj (.bss:philoQueueSto$2)
                  000002c8    0000001c     table.obj (.bss:l_table)
                  000002e4    0000000e     (.common:QActive_registry_)
                  000002f2    0000000c     (.common:QTimeEvt_timeEvtHead_)
                  000002fe    0000000a     main.obj (.bss:tableQueueSto$1)
                  00000308    00000004     bsp.obj (.bss)
                  0000030c    00000001     (.common:QF_readySet_)

.data      0    0000030d    00000002     UNINITIALIZED
                  0000030d    00000002     bsp.obj (.data:buttons$1)

.stack     0    000003b0    00000050     UNINITIALIZED
                  000003b0    00000002     rts430_eabi.lib : boot.c.obj (.stack)
                  000003b2    0000004e     --HOLE--

.text      0    0000c000    00001396     
                  0000c000    00000296     table.obj (.text:Table_serving)
                  0000c296    0000014a     qep_hsm.obj (.text:QHsm_tran_)
                  0000c3e0    00000132     qep_hsm.obj (.text:QHsm_dispatch_)
                  0000c512    000000f4     table.obj (.text:Table_paused)
                  0000c606    000000ca     qep_hsm.obj (.text:QHsm_init_)
                  0000c6d0    000000ca     qf_time.obj (.text:QTimeEvt_tick_)
                  0000c79a    000000c6     main.obj (.text:main)
                  0000c860    000000b6     qf_actq.obj (.text:QActive_post_)
                  0000c916    000000b4     qf_qact.obj (.text:QActive_register_)
                  0000c9ca    0000009a     philo.obj (.text:Philo_eating)
                  0000ca64    00000086     bsp.obj (.text:TIMER0_A0_ISR)
                  0000caea    00000084     qf_actq.obj (.text:QActive_postLIFO_)
                  0000cb6e    0000007e     qf_time.obj (.text:QTimeEvt_armX)
                  0000cbec    0000007c     rts430_eabi.lib : copy_decompress_lzss.c.obj (.text:decompress:lzss:__TI_decompress_lzss)
                  0000cc68    00000078     qf_actq.obj (.text:QActive_get_)
                  0000cce0    0000006a     qv.obj (.text:QActive_start_)
                  0000cd4a    00000068     philo.obj (.text:Philo_hungry)
                  0000cdb2    00000066     philo.obj (.text:Philo_thinking)
                  0000ce18    00000060     qv.obj (.text:QF_run)
                  0000ce78    0000005c     rts430_eabi.lib : lsr32.asm.obj (.text:l_lsr_const)
                  0000ced4    00000058                     : div32u.asm.obj (.text)
                  0000cf2c    00000056     philo.obj (.text:Philo_ctor)
                  0000cf82    0000004c     rts430_eabi.lib : lsr16.asm.obj (.text)
                  0000cfce    00000044     qf_time.obj (.text:QTimeEvt_ctorX)
                  0000d012    00000042     rts430_eabi.lib : autoinit.c.obj (.text:__TI_auto_init_nobinit_nopinit:__TI_auto_init_nobinit_nopinit)
                  0000d054    0000003c     table.obj (.text:Table_initial)
                  0000d090    00000034     table.obj (.text:Table_ctor)
                  0000d0c4    00000032     table.obj (.text:Table_active)
                  0000d0f6    0000002c     rts430_eabi.lib : asr16.asm.obj (.text)
                  0000d122    0000002c                     : div16s.asm.obj (.text)
                  0000d14e    0000002c                     : lsl16.asm.obj (.text)
                  0000d17a    0000002a     bsp.obj (.text:BSP_init)
                  0000d1a4    00000026     qf_qeq.obj (.text:QEQueue_init)
                  0000d1ca    00000026     rts430_eabi.lib : mult32.asm.obj (.text)
                  0000d1f0    00000024     bsp.obj (.text:BSP_random)
                  0000d214    00000024     qv.obj (.text:QF_init)
                  0000d238    00000020     qf_qact.obj (.text:QActive_ctor)
                  0000d258    0000001e     qf_qact.obj (.text:QF_LOG2)
                  0000d276    0000001c     rts430_eabi.lib : boot.c.obj (.text:_c_int00_noargs)
                  0000d292    00000016                     : div16u.asm.obj (.text)
                  0000d2a8    00000014     bsp.obj (.text:BSP_displayPhilStat)
                  0000d2bc    00000014     bsp.obj (.text:QF_onStartup)
                  0000d2d0    00000014     rts430_eabi.lib : copy_zero_init.c.obj (.text:decompress:ZI:__TI_zero_init_nomemset:__TI_zero_init_nomemset)
                  0000d2e4    00000014                     : mult16.asm.obj (.text)
                  0000d2f8    00000012     qep_hsm.obj (.text:QHsm_ctor)
                  0000d30a    00000012     rts430_eabi.lib : copy_decompress_none.c.obj (.text:decompress:none:__TI_decompress_none)
                  0000d31c    00000012                     : memcpy.c.obj (.text:memcpy)
                  0000d32e    00000010     qf_qact.obj (.text:QF_bzero)
                  0000d33e    00000010     bsp.obj (.text:QV_onIdle)
                  0000d34e    00000010     rts430_eabi.lib : epilog.asm.obj (.text)
                  0000d35e    0000000a     bsp.obj (.text:BSP_randomSeed)
                  0000d368    0000000a     philo.obj (.text:Philo_initial)
                  0000d372    00000008     bsp.obj (.text:Q_onAssert)
                  0000d37a    00000008     rts430_eabi.lib : isr_trap.asm.obj (.text:_isr:__TI_ISR_TRAP)
                  0000d382    00000006                     : exit.c.obj (.text:abort)
                  0000d388    00000004     qep_hsm.obj (.text:QHsm_top)
                  0000d38c    00000004     rts430_eabi.lib : pre_init.c.obj (.text:_system_pre_init)
                  0000d390    00000002     bsp.obj (.text:BSP_displayPaused)
                  0000d392    00000002     bsp.obj (.text:BSP_terminate)
                  0000d394    00000002     rts430_eabi.lib : startup.c.obj (.text:_system_post_cinit)

.const     0    0000d396    000000ca     
                  0000d396    0000001e     table.obj (.const:.string)
                  0000d3b4    00000014     philo.obj (.const:Philo_doneEvt)
                  0000d3c8    00000014     philo.obj (.const:Philo_hungryEvt)
                  0000d3dc    00000010     qf_qact.obj (.const:.string:log2LUT$2)
                  0000d3ec    0000000c     qep_hsm.obj (.const:QEP_reservedEvt_)
                  0000d3f8    0000000b     philo.obj (.const:.string:Q_this_module_)
                  0000d403    00000001     --HOLE-- [fill = 0]
                  0000d404    0000000b     table.obj (.const:.string:Q_this_module_)
                  0000d40f    00000001     --HOLE-- [fill = 0]
                  0000d410    0000000a     main.obj (.const:.string:Q_this_module_)
                  0000d41a    0000000a     philo.obj (.const:AO_Philo)
                  0000d424    0000000a     qf_qact.obj (.const:vtable$1)
                  0000d42e    00000008     qep_hsm.obj (.const:.string:Q_this_module_)
                  0000d436    00000008     qf_actq.obj (.const:.string:Q_this_module_)
                  0000d43e    00000008     qf_qact.obj (.const:.string:Q_this_module_)
                  0000d446    00000008     qf_time.obj (.const:.string:Q_this_module_)
                  0000d44e    00000004     qep_hsm.obj (.const:vtable$1)
                  0000d452    00000003     qv.obj (.const:.string:Q_this_module_)
                  0000d455    00000003     table.obj (.const:Table_eatEvt)
                  0000d458    00000003     table.obj (.const:pauseEvt)
                  0000d45b    00000003     table.obj (.const:serveEvt)
                  0000d45e    00000002     table.obj (.const)

.cinit     0    0000d460    00000018     
                  0000d460    00000006     (.cinit..data.load) [load image]
                  0000d466    00000006     (__TI_handler_table)
                  0000d46c    00000004     (.cinit..bss.load) [load image, compression = zero_init]
                  0000d470    00000008     (__TI_cinit_table)

.binit     0    0000c000    00000000     

.init_array 
*          0    0000c000    00000000     UNINITIALIZED

TRAPINT    0    0000ffe0    00000002     
                  0000ffe0    00000002     rts430_eabi.lib : int00.asm.obj (.int00)

PORT1      0    0000ffe4    00000002     
                  0000ffe4    00000002     rts430_eabi.lib : int02.asm.obj (.int02)

PORT2      0    0000ffe6    00000002     
                  0000ffe6    00000002     rts430_eabi.lib : int03.asm.obj (.int03)

ADC10      0    0000ffea    00000002     
                  0000ffea    00000002     rts430_eabi.lib : int05.asm.obj (.int05)

USCIAB0TX 
*          0    0000ffec    00000002     
                  0000ffec    00000002     rts430_eabi.lib : int06.asm.obj (.int06)

USCIAB0RX 
*          0    0000ffee    00000002     
                  0000ffee    00000002     rts430_eabi.lib : int07.asm.obj (.int07)

TIMER0_A1 
*          0    0000fff0    00000002     
                  0000fff0    00000002     rts430_eabi.lib : int08.asm.obj (.int08)

TIMER0_A0 
*          0    0000fff2    00000002     
                  0000fff2    00000002     bsp.obj (.int09)

WDT        0    0000fff4    00000002     
                  0000fff4    00000002     rts430_eabi.lib : int10.asm.obj (.int10)

COMPARATORA 
*          0    0000fff6    00000002     
                  0000fff6    00000002     rts430_eabi.lib : int11.asm.obj (.int11)

TIMER1_A1 
*          0    0000fff8    00000002     
                  0000fff8    00000002     rts430_eabi.lib : int12.asm.obj (.int12)

TIMER1_A0 
*          0    0000fffa    00000002     
                  0000fffa    00000002     rts430_eabi.lib : int13.asm.obj (.int13)

NMI        0    0000fffc    00000002     
                  0000fffc    00000002     rts430_eabi.lib : int14.asm.obj (.int14)

.reset     0    0000fffe    00000002     
                  0000fffe    00000002     rts430_eabi.lib : boot.c.obj (.reset)

$fill000   0    0000ffde    00000002     
                  0000ffde    00000002     --HOLE-- [fill = ffff]

MODULE SUMMARY

       Module                       code   ro data   rw data
       ------                       ----   -------   -------
    ./
       table.obj                    1068   52        28     
       philo.obj                    456    61        150    
       main.obj                     198    10        60     
    +--+----------------------------+------+---------+---------+
       Total:                       1722   123       238    
                                                            
    ./qf/
       qep_hsm.obj                  860    24        0      
       qf_actq.obj                  434    8         0      
       qf_time.obj                  396    8         12     
       qf_qact.obj                  258    34        15     
       qf_qeq.obj                   38     0         0      
    +--+----------------------------+------+---------+---------+
       Total:                       1986   74        27     
                                                            
    ./qv/
       bsp.obj                      290    2         6      
       qv.obj                       238    3         0      
    +--+----------------------------+------+---------+---------+
       Total:                       528    5         6      
                                                            
    /home/nounours/ti/ccs1200/ccs/tools/compiler/ti-cgt-msp430_21.6.0.LTS/lib/rts430_eabi.lib
       copy_decompress_lzss.c.obj   124    0         0      
       lsr32.asm.obj                92     0         0      
       div32u.asm.obj               88     0         0      
       lsr16.asm.obj                76     0         0      
       autoinit.c.obj               66     0         0      
       asr16.asm.obj                44     0         0      
       div16s.asm.obj               44     0         0      
       lsl16.asm.obj                44     0         0      
       mult32.asm.obj               38     0         0      
       boot.c.obj                   28     2         0      
       div16u.asm.obj               22     0         0      
       copy_zero_init.c.obj         20     0         0      
       mult16.asm.obj               20     0         0      
       copy_decompress_none.c.obj   18     0         0      
       memcpy.c.obj                 18     0         0      
       epilog.asm.obj               16     0         0      
       isr_trap.asm.obj             8      0         0      
       exit.c.obj                   6      0         0      
       pre_init.c.obj               4      0         0      
       int00.asm.obj                0      2         0      
       int02.asm.obj                0      2         0      
       int03.asm.obj                0      2         0      
       int05.asm.obj                0      2         0      
       int06.asm.obj                0      2         0      
       int07.asm.obj                0      2         0      
       int08.asm.obj                0      2         0      
       int10.asm.obj                0      2         0      
       int11.asm.obj                0      2         0      
       int12.asm.obj                0      2         0      
       int13.asm.obj                0      2         0      
       int14.asm.obj                0      2         0      
       startup.c.obj                2      0         0      
    +--+----------------------------+------+---------+---------+
       Total:                       778    26        0      
                                                            
       Stack:                       0      0         80     
       Linker Generated:            0      24        0      
    +--+----------------------------+------+---------+---------+
       Grand Total:                 5014   252       351    


LINKER GENERATED COPY TABLES

__TI_cinit_table @ 0000d470 records: 2, size/record: 4, table size: 8
	.data: load addr=0000d460, load size=00000006 bytes, run addr=0000030d, run size=00000002 bytes, compression=copy
	.bss: load addr=0000d46c, load size=00000004 bytes, run addr=00000200, run size=0000010d bytes, compression=zero_init


LINKER GENERATED HANDLER TABLE

__TI_handler_table @ 0000d466 records: 3, size/record: 2, table size: 6
	index: 0, handler: __TI_zero_init
	index: 1, handler: __TI_decompress_lzss
	index: 2, handler: __TI_decompress_none


GLOBAL SYMBOLS: SORTED ALPHABETICALLY BY Name 

address   name                          
-------   ----                          
0000004a  ADC10AE0                      
000001b0  ADC10CTL0                     
000001b2  ADC10CTL1                     
00000048  ADC10DTC0                     
00000049  ADC10DTC1                     
000001b4  ADC10MEM                      
000001bc  ADC10SA                       
0000d41a  AO_Philo                      
0000d45e  AO_Table                      
00000057  BCSCTL1                       
00000058  BCSCTL2                       
00000053  BCSCTL3                       
0000d390  BSP_displayPaused             
0000d2a8  BSP_displayPhilStat           
0000d17a  BSP_init                      
0000d1f0  BSP_random                    
0000d35e  BSP_randomSeed                
0000d392  BSP_terminate                 
0000d382  C$$EXIT                       
00000059  CACTL1                        
0000005a  CACTL2                        
000010fb  CALBC1_12MHZ                  
000010f9  CALBC1_16MHZ                  
000010ff  CALBC1_1MHZ                   
000010fd  CALBC1_8MHZ                   
000010fa  CALDCO_12MHZ                  
000010f8  CALDCO_16MHZ                  
000010fe  CALDCO_1MHZ                   
000010fc  CALDCO_8MHZ                   
0000005b  CAPD                          
00000056  DCOCTL                        
00000128  FCTL1                         
0000012a  FCTL2                         
0000012c  FCTL3                         
00000000  IE1                           
00000001  IE2                           
00000002  IFG1                          
00000003  IFG2                          
00000022  P1DIR                         
00000025  P1IE                          
00000024  P1IES                         
00000023  P1IFG                         
00000020  P1IN                          
00000021  P1OUT                         
00000027  P1REN                         
00000026  P1SEL                         
00000041  P1SEL2                        
0000002a  P2DIR                         
0000002d  P2IE                          
0000002c  P2IES                         
0000002b  P2IFG                         
00000028  P2IN                          
00000029  P2OUT                         
0000002f  P2REN                         
0000002e  P2SEL                         
00000042  P2SEL2                        
0000001a  P3DIR                         
00000018  P3IN                          
00000019  P3OUT                         
00000010  P3REN                         
0000001b  P3SEL                         
00000043  P3SEL2                        
0000cf2c  Philo_ctor                    
0000d3b4  Philo_doneEvt                 
0000d3c8  Philo_hungryEvt               
0000d238  QActive_ctor                  
0000cc68  QActive_get_                  
0000caea  QActive_postLIFO_             
0000c860  QActive_post_                 
0000c916  QActive_register_             
000002e4  QActive_registry_             
0000cce0  QActive_start_                
0000d1a4  QEQueue_init                  
0000d258  QF_LOG2                       
0000d32e  QF_bzero                      
0000d214  QF_init                       
0000d2bc  QF_onStartup                  
0000030c  QF_readySet_                  
0000ce18  QF_run                        
0000d2f8  QHsm_ctor                     
0000c3e0  QHsm_dispatch_                
0000c606  QHsm_init_                    
0000d388  QHsm_top                      
0000c296  QHsm_tran_                    
0000cb6e  QTimeEvt_armX                 
0000cfce  QTimeEvt_ctorX                
0000c6d0  QTimeEvt_tick_                
000002f2  QTimeEvt_timeEvtHead_         
0000d33e  QV_onIdle                     
0000d372  Q_onAssert                    
00000172  TA0CCR0                       
00000174  TA0CCR1                       
00000176  TA0CCR2                       
00000162  TA0CCTL0                      
00000164  TA0CCTL1                      
00000166  TA0CCTL2                      
00000160  TA0CTL                        
0000012e  TA0IV                         
00000170  TA0R                          
00000192  TA1CCR0                       
00000194  TA1CCR1                       
00000196  TA1CCR2                       
00000182  TA1CCTL0                      
00000184  TA1CCTL1                      
00000186  TA1CCTL2                      
00000180  TA1CTL                        
0000011e  TA1IV                         
00000190  TA1R                          
0000ca64  TIMER0_A0_ISR                 
000010db  TLV_ADC10_1_LEN               
000010da  TLV_ADC10_1_TAG               
000010c0  TLV_CHECKSUM                  
000010f7  TLV_DCO_30_LEN                
000010f6  TLV_DCO_30_TAG                
0000d090  Table_ctor                    
0000d455  Table_eatEvt                  
0000005d  UCA0ABCTL                     
00000062  UCA0BR0                       
00000063  UCA0BR1                       
00000060  UCA0CTL0                      
00000061  UCA0CTL1                      
0000005f  UCA0IRRCTL                    
0000005e  UCA0IRTCTL                    
00000064  UCA0MCTL                      
00000066  UCA0RXBUF                     
00000065  UCA0STAT                      
00000067  UCA0TXBUF                     
0000006a  UCB0BR0                       
0000006b  UCB0BR1                       
00000068  UCB0CTL0                      
00000069  UCB0CTL1                      
0000006c  UCB0I2CIE                     
00000118  UCB0I2COA                     
0000011a  UCB0I2CSA                     
0000006e  UCB0RXBUF                     
0000006d  UCB0STAT                      
0000006f  UCB0TXBUF                     
00000120  WDTCTL                        
00000400  __STACK_END                   
00000050  __STACK_SIZE                  
0000d470  __TI_CINIT_Base               
0000d478  __TI_CINIT_Limit              
0000d478  __TI_CINIT_Warm               
0000d466  __TI_Handler_Table_Base       
0000d46c  __TI_Handler_Table_Limit      
0000d37a  __TI_ISR_TRAP                 
0000d012  __TI_auto_init_nobinit_nopinit
0000cbec  __TI_decompress_lzss          
0000d30a  __TI_decompress_none          
0000ffe0  __TI_int00                    
0000ffe4  __TI_int02                    
0000ffe6  __TI_int03                    
0000ffea  __TI_int05                    
0000ffec  __TI_int06                    
0000ffee  __TI_int07                    
0000fff0  __TI_int08                    
0000fff2  __TI_int09                    
0000fff4  __TI_int10                    
0000fff6  __TI_int11                    
0000fff8  __TI_int12                    
0000fffa  __TI_int13                    
0000fffc  __TI_int14                    
ffffffff  __TI_pprof_out_hndl           
ffffffff  __TI_prof_data_size           
ffffffff  __TI_prof_data_start          
0000d2d0  __TI_zero_init_nomemset       
ffffffff  __c_args__                    
0000d122  __mspabi_divi                 
0000d292  __mspabi_divu                 
0000ced4  __mspabi_divul                
0000d35a  __mspabi_func_epilog_1        
0000d358  __mspabi_func_epilog_2        
0000d356  __mspabi_func_epilog_3        
0000d354  __mspabi_func_epilog_4        
0000d352  __mspabi_func_epilog_5        
0000d350  __mspabi_func_epilog_6        
0000d34e  __mspabi_func_epilog_7        
0000d2e4  __mspabi_mpyi                 
0000d2e4  __mspabi_mpyi_sw              
0000d1ca  __mspabi_mpyl                 
0000d1ca  __mspabi_mpyl_sw              
0000d122  __mspabi_remi                 
0000d292  __mspabi_remu                 
0000ced4  __mspabi_remul                
0000d14e  __mspabi_slli                 
0000d176  __mspabi_slli_1               
0000d164  __mspabi_slli_10              
0000d162  __mspabi_slli_11              
0000d160  __mspabi_slli_12              
0000d15e  __mspabi_slli_13              
0000d15c  __mspabi_slli_14              
0000d15a  __mspabi_slli_15              
0000d174  __mspabi_slli_2               
0000d172  __mspabi_slli_3               
0000d170  __mspabi_slli_4               
0000d16e  __mspabi_slli_5               
0000d16c  __mspabi_slli_6               
0000d16a  __mspabi_slli_7               
0000d168  __mspabi_slli_8               
0000d166  __mspabi_slli_9               
0000d0f6  __mspabi_srai                 
0000d11e  __mspabi_srai_1               
0000d10c  __mspabi_srai_10              
0000d10a  __mspabi_srai_11              
0000d108  __mspabi_srai_12              
0000d106  __mspabi_srai_13              
0000d104  __mspabi_srai_14              
0000d102  __mspabi_srai_15              
0000d11c  __mspabi_srai_2               
0000d11a  __mspabi_srai_3               
0000d118  __mspabi_srai_4               
0000d116  __mspabi_srai_5               
0000d114  __mspabi_srai_6               
0000d112  __mspabi_srai_7               
0000d110  __mspabi_srai_8               
0000d10e  __mspabi_srai_9               
0000cf82  __mspabi_srli                 
0000cfc8  __mspabi_srli_1               
0000cfa4  __mspabi_srli_10              
0000cfa0  __mspabi_srli_11              
0000cf9c  __mspabi_srli_12              
0000cf98  __mspabi_srli_13              
0000cf94  __mspabi_srli_14              
0000cf90  __mspabi_srli_15              
0000cfc4  __mspabi_srli_2               
0000cfc0  __mspabi_srli_3               
0000cfbc  __mspabi_srli_4               
0000cfb8  __mspabi_srli_5               
0000cfb4  __mspabi_srli_6               
0000cfb0  __mspabi_srli_7               
0000cfac  __mspabi_srli_8               
0000cfa8  __mspabi_srli_9               
0000cecc  __mspabi_srll_1               
0000ce96  __mspabi_srll_10              
0000ce90  __mspabi_srll_11              
0000ce8a  __mspabi_srll_12              
0000ce84  __mspabi_srll_13              
0000ce7e  __mspabi_srll_14              
0000ce78  __mspabi_srll_15              
0000cec6  __mspabi_srll_2               
0000cec0  __mspabi_srll_3               
0000ceba  __mspabi_srll_4               
0000ceb4  __mspabi_srll_5               
0000ceae  __mspabi_srll_6               
0000cea8  __mspabi_srll_7               
0000cea2  __mspabi_srll_8               
0000ce9c  __mspabi_srll_9               
0000d276  _c_int00_noargs               
0000fffe  _reset_vector                 
000003b0  _stack                        
0000d394  _system_post_cinit            
0000d38c  _system_pre_init              
0000d382  abort                         
0000c79a  main                          
0000d31c  memcpy                        
0000d458  pauseEvt                      
0000d45b  serveEvt                      


GLOBAL SYMBOLS: SORTED BY Symbol Address 

address   name                          
-------   ----                          
00000000  IE1                           
00000001  IE2                           
00000002  IFG1                          
00000003  IFG2                          
00000010  P3REN                         
00000018  P3IN                          
00000019  P3OUT                         
0000001a  P3DIR                         
0000001b  P3SEL                         
00000020  P1IN                          
00000021  P1OUT                         
00000022  P1DIR                         
00000023  P1IFG                         
00000024  P1IES                         
00000025  P1IE                          
00000026  P1SEL                         
00000027  P1REN                         
00000028  P2IN                          
00000029  P2OUT                         
0000002a  P2DIR                         
0000002b  P2IFG                         
0000002c  P2IES                         
0000002d  P2IE                          
0000002e  P2SEL                         
0000002f  P2REN                         
00000041  P1SEL2                        
00000042  P2SEL2                        
00000043  P3SEL2                        
00000048  ADC10DTC0                     
00000049  ADC10DTC1                     
0000004a  ADC10AE0                      
00000050  __STACK_SIZE                  
00000053  BCSCTL3                       
00000056  DCOCTL                        
00000057  BCSCTL1                       
00000058  BCSCTL2                       
00000059  CACTL1                        
0000005a  CACTL2                        
0000005b  CAPD                          
0000005d  UCA0ABCTL                     
0000005e  UCA0IRTCTL                    
0000005f  UCA0IRRCTL                    
00000060  UCA0CTL0                      
00000061  UCA0CTL1                      
00000062  UCA0BR0                       
00000063  UCA0BR1                       
00000064  UCA0MCTL                      
00000065  UCA0STAT                      
00000066  UCA0RXBUF                     
00000067  UCA0TXBUF                     
00000068  UCB0CTL0                      
00000069  UCB0CTL1                      
0000006a  UCB0BR0                       
0000006b  UCB0BR1                       
0000006c  UCB0I2CIE                     
0000006d  UCB0STAT                      
0000006e  UCB0RXBUF                     
0000006f  UCB0TXBUF                     
00000118  UCB0I2COA                     
0000011a  UCB0I2CSA                     
0000011e  TA1IV                         
00000120  WDTCTL                        
00000128  FCTL1                         
0000012a  FCTL2                         
0000012c  FCTL3                         
0000012e  TA0IV                         
00000160  TA0CTL                        
00000162  TA0CCTL0                      
00000164  TA0CCTL1                      
00000166  TA0CCTL2                      
00000170  TA0R                          
00000172  TA0CCR0                       
00000174  TA0CCR1                       
00000176  TA0CCR2                       
00000180  TA1CTL                        
00000182  TA1CCTL0                      
00000184  TA1CCTL1                      
00000186  TA1CCTL2                      
00000190  TA1R                          
00000192  TA1CCR0                       
00000194  TA1CCR1                       
00000196  TA1CCR2                       
000001b0  ADC10CTL0                     
000001b2  ADC10CTL1                     
000001b4  ADC10MEM                      
000001bc  ADC10SA                       
000002e4  QActive_registry_             
000002f2  QTimeEvt_timeEvtHead_         
0000030c  QF_readySet_                  
000003b0  _stack                        
00000400  __STACK_END                   
000010c0  TLV_CHECKSUM                  
000010da  TLV_ADC10_1_TAG               
000010db  TLV_ADC10_1_LEN               
000010f6  TLV_DCO_30_TAG                
000010f7  TLV_DCO_30_LEN                
000010f8  CALDCO_16MHZ                  
000010f9  CALBC1_16MHZ                  
000010fa  CALDCO_12MHZ                  
000010fb  CALBC1_12MHZ                  
000010fc  CALDCO_8MHZ                   
000010fd  CALBC1_8MHZ                   
000010fe  CALDCO_1MHZ                   
000010ff  CALBC1_1MHZ                   
0000c296  QHsm_tran_                    
0000c3e0  QHsm_dispatch_                
0000c606  QHsm_init_                    
0000c6d0  QTimeEvt_tick_                
0000c79a  main                          
0000c860  QActive_post_                 
0000c916  QActive_register_             
0000ca64  TIMER0_A0_ISR                 
0000caea  QActive_postLIFO_             
0000cb6e  QTimeEvt_armX                 
0000cbec  __TI_decompress_lzss          
0000cc68  QActive_get_                  
0000cce0  QActive_start_                
0000ce18  QF_run                        
0000ce78  __mspabi_srll_15              
0000ce7e  __mspabi_srll_14              
0000ce84  __mspabi_srll_13              
0000ce8a  __mspabi_srll_12              
0000ce90  __mspabi_srll_11              
0000ce96  __mspabi_srll_10              
0000ce9c  __mspabi_srll_9               
0000cea2  __mspabi_srll_8               
0000cea8  __mspabi_srll_7               
0000ceae  __mspabi_srll_6               
0000ceb4  __mspabi_srll_5               
0000ceba  __mspabi_srll_4               
0000cec0  __mspabi_srll_3               
0000cec6  __mspabi_srll_2               
0000cecc  __mspabi_srll_1               
0000ced4  __mspabi_divul                
0000ced4  __mspabi_remul                
0000cf2c  Philo_ctor                    
0000cf82  __mspabi_srli                 
0000cf90  __mspabi_srli_15              
0000cf94  __mspabi_srli_14              
0000cf98  __mspabi_srli_13              
0000cf9c  __mspabi_srli_12              
0000cfa0  __mspabi_srli_11              
0000cfa4  __mspabi_srli_10              
0000cfa8  __mspabi_srli_9               
0000cfac  __mspabi_srli_8               
0000cfb0  __mspabi_srli_7               
0000cfb4  __mspabi_srli_6               
0000cfb8  __mspabi_srli_5               
0000cfbc  __mspabi_srli_4               
0000cfc0  __mspabi_srli_3               
0000cfc4  __mspabi_srli_2               
0000cfc8  __mspabi_srli_1               
0000cfce  QTimeEvt_ctorX                
0000d012  __TI_auto_init_nobinit_nopinit
0000d090  Table_ctor                    
0000d0f6  __mspabi_srai                 
0000d102  __mspabi_srai_15              
0000d104  __mspabi_srai_14              
0000d106  __mspabi_srai_13              
0000d108  __mspabi_srai_12              
0000d10a  __mspabi_srai_11              
0000d10c  __mspabi_srai_10              
0000d10e  __mspabi_srai_9               
0000d110  __mspabi_srai_8               
0000d112  __mspabi_srai_7               
0000d114  __mspabi_srai_6               
0000d116  __mspabi_srai_5               
0000d118  __mspabi_srai_4               
0000d11a  __mspabi_srai_3               
0000d11c  __mspabi_srai_2               
0000d11e  __mspabi_srai_1               
0000d122  __mspabi_divi                 
0000d122  __mspabi_remi                 
0000d14e  __mspabi_slli                 
0000d15a  __mspabi_slli_15              
0000d15c  __mspabi_slli_14              
0000d15e  __mspabi_slli_13              
0000d160  __mspabi_slli_12              
0000d162  __mspabi_slli_11              
0000d164  __mspabi_slli_10              
0000d166  __mspabi_slli_9               
0000d168  __mspabi_slli_8               
0000d16a  __mspabi_slli_7               
0000d16c  __mspabi_slli_6               
0000d16e  __mspabi_slli_5               
0000d170  __mspabi_slli_4               
0000d172  __mspabi_slli_3               
0000d174  __mspabi_slli_2               
0000d176  __mspabi_slli_1               
0000d17a  BSP_init                      
0000d1a4  QEQueue_init                  
0000d1ca  __mspabi_mpyl                 
0000d1ca  __mspabi_mpyl_sw              
0000d1f0  BSP_random                    
0000d214  QF_init                       
0000d238  QActive_ctor                  
0000d258  QF_LOG2                       
0000d276  _c_int00_noargs               
0000d292  __mspabi_divu                 
0000d292  __mspabi_remu                 
0000d2a8  BSP_displayPhilStat           
0000d2bc  QF_onStartup                  
0000d2d0  __TI_zero_init_nomemset       
0000d2e4  __mspabi_mpyi                 
0000d2e4  __mspabi_mpyi_sw              
0000d2f8  QHsm_ctor                     
0000d30a  __TI_decompress_none          
0000d31c  memcpy                        
0000d32e  QF_bzero                      
0000d33e  QV_onIdle                     
0000d34e  __mspabi_func_epilog_7        
0000d350  __mspabi_func_epilog_6        
0000d352  __mspabi_func_epilog_5        
0000d354  __mspabi_func_epilog_4        
0000d356  __mspabi_func_epilog_3        
0000d358  __mspabi_func_epilog_2        
0000d35a  __mspabi_func_epilog_1        
0000d35e  BSP_randomSeed                
0000d372  Q_onAssert                    
0000d37a  __TI_ISR_TRAP                 
0000d382  C$$EXIT                       
0000d382  abort                         
0000d388  QHsm_top                      
0000d38c  _system_pre_init              
0000d390  BSP_displayPaused             
0000d392  BSP_terminate                 
0000d394  _system_post_cinit            
0000d3b4  Philo_doneEvt                 
0000d3c8  Philo_hungryEvt               
0000d41a  AO_Philo                      
0000d455  Table_eatEvt                  
0000d458  pauseEvt                      
0000d45b  serveEvt                      
0000d45e  AO_Table                      
0000d466  __TI_Handler_Table_Base       
0000d46c  __TI_Handler_Table_Limit      
0000d470  __TI_CINIT_Base               
0000d478  __TI_CINIT_Limit              
0000d478  __TI_CINIT_Warm               
0000ffe0  __TI_int00                    
0000ffe4  __TI_int02                    
0000ffe6  __TI_int03                    
0000ffea  __TI_int05                    
0000ffec  __TI_int06                    
0000ffee  __TI_int07                    
0000fff0  __TI_int08                    
0000fff2  __TI_int09                    
0000fff4  __TI_int10                    
0000fff6  __TI_int11                    
0000fff8  __TI_int12                    
0000fffa  __TI_int13                    
0000fffc  __TI_int14                    
0000fffe  _reset_vector                 
ffffffff  __TI_pprof_out_hndl           
ffffffff  __TI_prof_data_size           
ffffffff  __TI_prof_data_start          
ffffffff  __c_args__                    

[257 symbols]
