<?xml version="1.0" encoding="ISO-8859-1" ?>
<link_info>
   <banner>MSP430 Linker Unix v21.6.0.LTS</banner>
   <copyright>Copyright (c) 2003-2018 Texas Instruments Incorporated</copyright>
   <link_time>0x63217f8a</link_time>
   <link_errors>0x0</link_errors>
   <output_file>qpc_dpp.out</output_file>
   <entry_point>
      <name>_c_int00_noargs</name>
      <address>0xd150</address>
   </entry_point>
   <input_file_list>
      <input_file id="fl-2">
         <path>./</path>
         <kind>object</kind>
         <file>main.obj</file>
         <name>main.obj</name>
      </input_file>
      <input_file id="fl-3">
         <path>./</path>
         <kind>object</kind>
         <file>philo.obj</file>
         <name>philo.obj</name>
      </input_file>
      <input_file id="fl-4">
         <path>./</path>
         <kind>object</kind>
         <file>table.obj</file>
         <name>table.obj</name>
      </input_file>
      <input_file id="fl-5">
         <path>./qf/</path>
         <kind>object</kind>
         <file>qep_hsm.obj</file>
         <name>qep_hsm.obj</name>
      </input_file>
      <input_file id="fl-6">
         <path>./qf/</path>
         <kind>object</kind>
         <file>qep_msm.obj</file>
         <name>qep_msm.obj</name>
      </input_file>
      <input_file id="fl-7">
         <path>./qf/</path>
         <kind>object</kind>
         <file>qf_act.obj</file>
         <name>qf_act.obj</name>
      </input_file>
      <input_file id="fl-8">
         <path>./qf/</path>
         <kind>object</kind>
         <file>qf_actq.obj</file>
         <name>qf_actq.obj</name>
      </input_file>
      <input_file id="fl-9">
         <path>./qf/</path>
         <kind>object</kind>
         <file>qf_defer.obj</file>
         <name>qf_defer.obj</name>
      </input_file>
      <input_file id="fl-a">
         <path>./qf/</path>
         <kind>object</kind>
         <file>qf_dyn.obj</file>
         <name>qf_dyn.obj</name>
      </input_file>
      <input_file id="fl-b">
         <path>./qf/</path>
         <kind>object</kind>
         <file>qf_mem.obj</file>
         <name>qf_mem.obj</name>
      </input_file>
      <input_file id="fl-c">
         <path>./qf/</path>
         <kind>object</kind>
         <file>qf_ps.obj</file>
         <name>qf_ps.obj</name>
      </input_file>
      <input_file id="fl-d">
         <path>./qf/</path>
         <kind>object</kind>
         <file>qf_qact.obj</file>
         <name>qf_qact.obj</name>
      </input_file>
      <input_file id="fl-e">
         <path>./qf/</path>
         <kind>object</kind>
         <file>qf_qeq.obj</file>
         <name>qf_qeq.obj</name>
      </input_file>
      <input_file id="fl-f">
         <path>./qf/</path>
         <kind>object</kind>
         <file>qf_qmact.obj</file>
         <name>qf_qmact.obj</name>
      </input_file>
      <input_file id="fl-10">
         <path>./qf/</path>
         <kind>object</kind>
         <file>qf_time.obj</file>
         <name>qf_time.obj</name>
      </input_file>
      <input_file id="fl-11">
         <path>./qv/</path>
         <kind>object</kind>
         <file>bsp.obj</file>
         <name>bsp.obj</name>
      </input_file>
      <input_file id="fl-12">
         <path>./qv/</path>
         <kind>object</kind>
         <file>qv.obj</file>
         <name>qv.obj</name>
      </input_file>
      <input_file id="fl-17">
         <kind>object</kind>
         <file>&lt;internal&gt;</file>
         <name>&lt;internal&gt;</name>
      </input_file>
      <input_file id="fl-2d">
         <path>/home/nounours/ti/ccs1200/ccs/tools/compiler/ti-cgt-msp430_21.6.0.LTS/lib/</path>
         <kind>archive</kind>
         <file>rts430_eabi.lib</file>
         <name>asr16.asm.obj</name>
      </input_file>
      <input_file id="fl-2e">
         <path>/home/nounours/ti/ccs1200/ccs/tools/compiler/ti-cgt-msp430_21.6.0.LTS/lib/</path>
         <kind>archive</kind>
         <file>rts430_eabi.lib</file>
         <name>div16s.asm.obj</name>
      </input_file>
      <input_file id="fl-2f">
         <path>/home/nounours/ti/ccs1200/ccs/tools/compiler/ti-cgt-msp430_21.6.0.LTS/lib/</path>
         <kind>archive</kind>
         <file>rts430_eabi.lib</file>
         <name>div16u.asm.obj</name>
      </input_file>
      <input_file id="fl-30">
         <path>/home/nounours/ti/ccs1200/ccs/tools/compiler/ti-cgt-msp430_21.6.0.LTS/lib/</path>
         <kind>archive</kind>
         <file>rts430_eabi.lib</file>
         <name>div32u.asm.obj</name>
      </input_file>
      <input_file id="fl-31">
         <path>/home/nounours/ti/ccs1200/ccs/tools/compiler/ti-cgt-msp430_21.6.0.LTS/lib/</path>
         <kind>archive</kind>
         <file>rts430_eabi.lib</file>
         <name>epilog.asm.obj</name>
      </input_file>
      <input_file id="fl-32">
         <path>/home/nounours/ti/ccs1200/ccs/tools/compiler/ti-cgt-msp430_21.6.0.LTS/lib/</path>
         <kind>archive</kind>
         <file>rts430_eabi.lib</file>
         <name>int00.asm.obj</name>
      </input_file>
      <input_file id="fl-33">
         <path>/home/nounours/ti/ccs1200/ccs/tools/compiler/ti-cgt-msp430_21.6.0.LTS/lib/</path>
         <kind>archive</kind>
         <file>rts430_eabi.lib</file>
         <name>int02.asm.obj</name>
      </input_file>
      <input_file id="fl-34">
         <path>/home/nounours/ti/ccs1200/ccs/tools/compiler/ti-cgt-msp430_21.6.0.LTS/lib/</path>
         <kind>archive</kind>
         <file>rts430_eabi.lib</file>
         <name>int03.asm.obj</name>
      </input_file>
      <input_file id="fl-35">
         <path>/home/nounours/ti/ccs1200/ccs/tools/compiler/ti-cgt-msp430_21.6.0.LTS/lib/</path>
         <kind>archive</kind>
         <file>rts430_eabi.lib</file>
         <name>int05.asm.obj</name>
      </input_file>
      <input_file id="fl-36">
         <path>/home/nounours/ti/ccs1200/ccs/tools/compiler/ti-cgt-msp430_21.6.0.LTS/lib/</path>
         <kind>archive</kind>
         <file>rts430_eabi.lib</file>
         <name>int06.asm.obj</name>
      </input_file>
      <input_file id="fl-37">
         <path>/home/nounours/ti/ccs1200/ccs/tools/compiler/ti-cgt-msp430_21.6.0.LTS/lib/</path>
         <kind>archive</kind>
         <file>rts430_eabi.lib</file>
         <name>int07.asm.obj</name>
      </input_file>
      <input_file id="fl-38">
         <path>/home/nounours/ti/ccs1200/ccs/tools/compiler/ti-cgt-msp430_21.6.0.LTS/lib/</path>
         <kind>archive</kind>
         <file>rts430_eabi.lib</file>
         <name>int08.asm.obj</name>
      </input_file>
      <input_file id="fl-39">
         <path>/home/nounours/ti/ccs1200/ccs/tools/compiler/ti-cgt-msp430_21.6.0.LTS/lib/</path>
         <kind>archive</kind>
         <file>rts430_eabi.lib</file>
         <name>int10.asm.obj</name>
      </input_file>
      <input_file id="fl-3a">
         <path>/home/nounours/ti/ccs1200/ccs/tools/compiler/ti-cgt-msp430_21.6.0.LTS/lib/</path>
         <kind>archive</kind>
         <file>rts430_eabi.lib</file>
         <name>int11.asm.obj</name>
      </input_file>
      <input_file id="fl-3b">
         <path>/home/nounours/ti/ccs1200/ccs/tools/compiler/ti-cgt-msp430_21.6.0.LTS/lib/</path>
         <kind>archive</kind>
         <file>rts430_eabi.lib</file>
         <name>int12.asm.obj</name>
      </input_file>
      <input_file id="fl-3c">
         <path>/home/nounours/ti/ccs1200/ccs/tools/compiler/ti-cgt-msp430_21.6.0.LTS/lib/</path>
         <kind>archive</kind>
         <file>rts430_eabi.lib</file>
         <name>int13.asm.obj</name>
      </input_file>
      <input_file id="fl-3d">
         <path>/home/nounours/ti/ccs1200/ccs/tools/compiler/ti-cgt-msp430_21.6.0.LTS/lib/</path>
         <kind>archive</kind>
         <file>rts430_eabi.lib</file>
         <name>int14.asm.obj</name>
      </input_file>
      <input_file id="fl-3e">
         <path>/home/nounours/ti/ccs1200/ccs/tools/compiler/ti-cgt-msp430_21.6.0.LTS/lib/</path>
         <kind>archive</kind>
         <file>rts430_eabi.lib</file>
         <name>isr_trap.asm.obj</name>
      </input_file>
      <input_file id="fl-3f">
         <path>/home/nounours/ti/ccs1200/ccs/tools/compiler/ti-cgt-msp430_21.6.0.LTS/lib/</path>
         <kind>archive</kind>
         <file>rts430_eabi.lib</file>
         <name>lsl16.asm.obj</name>
      </input_file>
      <input_file id="fl-40">
         <path>/home/nounours/ti/ccs1200/ccs/tools/compiler/ti-cgt-msp430_21.6.0.LTS/lib/</path>
         <kind>archive</kind>
         <file>rts430_eabi.lib</file>
         <name>lsr32.asm.obj</name>
      </input_file>
      <input_file id="fl-41">
         <path>/home/nounours/ti/ccs1200/ccs/tools/compiler/ti-cgt-msp430_21.6.0.LTS/lib/</path>
         <kind>archive</kind>
         <file>rts430_eabi.lib</file>
         <name>mult16.asm.obj</name>
      </input_file>
      <input_file id="fl-42">
         <path>/home/nounours/ti/ccs1200/ccs/tools/compiler/ti-cgt-msp430_21.6.0.LTS/lib/</path>
         <kind>archive</kind>
         <file>rts430_eabi.lib</file>
         <name>mult32.asm.obj</name>
      </input_file>
      <input_file id="fl-43">
         <path>/home/nounours/ti/ccs1200/ccs/tools/compiler/ti-cgt-msp430_21.6.0.LTS/lib/</path>
         <kind>archive</kind>
         <file>rts430_eabi.lib</file>
         <name>boot.c.obj</name>
      </input_file>
      <input_file id="fl-44">
         <path>/home/nounours/ti/ccs1200/ccs/tools/compiler/ti-cgt-msp430_21.6.0.LTS/lib/</path>
         <kind>archive</kind>
         <file>rts430_eabi.lib</file>
         <name>autoinit.c.obj</name>
      </input_file>
      <input_file id="fl-45">
         <path>/home/nounours/ti/ccs1200/ccs/tools/compiler/ti-cgt-msp430_21.6.0.LTS/lib/</path>
         <kind>archive</kind>
         <file>rts430_eabi.lib</file>
         <name>copy_zero_init.c.obj</name>
      </input_file>
      <input_file id="fl-46">
         <path>/home/nounours/ti/ccs1200/ccs/tools/compiler/ti-cgt-msp430_21.6.0.LTS/lib/</path>
         <kind>archive</kind>
         <file>rts430_eabi.lib</file>
         <name>cpy_tbl.c.obj</name>
      </input_file>
      <input_file id="fl-47">
         <path>/home/nounours/ti/ccs1200/ccs/tools/compiler/ti-cgt-msp430_21.6.0.LTS/lib/</path>
         <kind>archive</kind>
         <file>rts430_eabi.lib</file>
         <name>mpu_init.c.obj</name>
      </input_file>
      <input_file id="fl-48">
         <path>/home/nounours/ti/ccs1200/ccs/tools/compiler/ti-cgt-msp430_21.6.0.LTS/lib/</path>
         <kind>archive</kind>
         <file>rts430_eabi.lib</file>
         <name>pre_init.c.obj</name>
      </input_file>
      <input_file id="fl-49">
         <path>/home/nounours/ti/ccs1200/ccs/tools/compiler/ti-cgt-msp430_21.6.0.LTS/lib/</path>
         <kind>archive</kind>
         <file>rts430_eabi.lib</file>
         <name>startup.c.obj</name>
      </input_file>
      <input_file id="fl-4a">
         <path>/home/nounours/ti/ccs1200/ccs/tools/compiler/ti-cgt-msp430_21.6.0.LTS/lib/</path>
         <kind>archive</kind>
         <file>rts430_eabi.lib</file>
         <name>copy_decompress_none.c.obj</name>
      </input_file>
      <input_file id="fl-4b">
         <path>/home/nounours/ti/ccs1200/ccs/tools/compiler/ti-cgt-msp430_21.6.0.LTS/lib/</path>
         <kind>archive</kind>
         <file>rts430_eabi.lib</file>
         <name>copy_decompress_lzss.c.obj</name>
      </input_file>
      <input_file id="fl-4c">
         <path>/home/nounours/ti/ccs1200/ccs/tools/compiler/ti-cgt-msp430_21.6.0.LTS/lib/</path>
         <kind>archive</kind>
         <file>rts430_eabi.lib</file>
         <name>exit.c.obj</name>
      </input_file>
      <input_file id="fl-4d">
         <path>/home/nounours/ti/ccs1200/ccs/tools/compiler/ti-cgt-msp430_21.6.0.LTS/lib/</path>
         <kind>archive</kind>
         <file>rts430_eabi.lib</file>
         <name>_lock.c.obj</name>
      </input_file>
      <input_file id="fl-4e">
         <path>/home/nounours/ti/ccs1200/ccs/tools/compiler/ti-cgt-msp430_21.6.0.LTS/lib/</path>
         <kind>archive</kind>
         <file>rts430_eabi.lib</file>
         <name>args_main.c.obj</name>
      </input_file>
      <input_file id="fl-4f">
         <path>/home/nounours/ti/ccs1200/ccs/tools/compiler/ti-cgt-msp430_21.6.0.LTS/lib/</path>
         <kind>archive</kind>
         <file>rts430_eabi.lib</file>
         <name>memcpy.c.obj</name>
      </input_file>
      <input_file id="fl-50">
         <path>/home/nounours/ti/ccs1200/ccs/tools/compiler/ti-cgt-msp430_21.6.0.LTS/lib/</path>
         <kind>archive</kind>
         <file>rts430_eabi.lib</file>
         <name>lsr16.asm.obj</name>
      </input_file>
      <input_file id="fl-51">
         <path>/home/nounours/ti/ccs1200/ccs/tools/compiler/ti-cgt-msp430_21.6.0.LTS/lib/</path>
         <kind>archive</kind>
         <file>rts430_eabi.lib</file>
         <name>exit_gvars.c.obj</name>
      </input_file>
   </input_file_list>
   <object_component_list>
      <object_component id="oc-1d3">
         <name>.bss:tableQueueSto$1</name>
         <uninitialized>true</uninitialized>
         <run_address>0x2fe</run_address>
         <size>0xa</size>
         <input_file_ref idref="fl-2"/>
      </object_component>
      <object_component id="oc-1cc">
         <name>.bss:philoQueueSto$2</name>
         <uninitialized>true</uninitialized>
         <run_address>0x296</run_address>
         <size>0x32</size>
         <input_file_ref idref="fl-2"/>
      </object_component>
      <object_component id="oc-24e">
         <name>.bss:l_philo</name>
         <uninitialized>true</uninitialized>
         <run_address>0x200</run_address>
         <size>0x96</size>
         <input_file_ref idref="fl-3"/>
      </object_component>
      <object_component id="oc-1a7">
         <name>.bss:l_table</name>
         <uninitialized>true</uninitialized>
         <run_address>0x2c8</run_address>
         <size>0x1c</size>
         <input_file_ref idref="fl-4"/>
      </object_component>
      <object_component id="oc-2e6">
         <name>.bss</name>
         <uninitialized>true</uninitialized>
         <run_address>0x308</run_address>
         <size>0x4</size>
         <input_file_ref idref="fl-11"/>
      </object_component>
      <object_component id="oc-277">
         <name>.common:QActive_registry_</name>
         <uninitialized>true</uninitialized>
         <run_address>0x2e4</run_address>
         <size>0xe</size>
      </object_component>
      <object_component id="oc-27a">
         <name>.common:QF_readySet_</name>
         <uninitialized>true</uninitialized>
         <run_address>0x30c</run_address>
         <size>0x1</size>
      </object_component>
      <object_component id="oc-190">
         <name>.common:QTimeEvt_timeEvtHead_</name>
         <uninitialized>true</uninitialized>
         <run_address>0x2f2</run_address>
         <size>0xc</size>
      </object_component>
      <object_component id="oc-143">
         <name>.data:buttons$1</name>
         <load_address>0x30d</load_address>
         <run_address>0x30d</run_address>
         <size>0x2</size>
         <input_file_ref idref="fl-11"/>
      </object_component>
      <object_component id="oc-b1">
         <name>.stack</name>
         <uninitialized>true</uninitialized>
         <run_address>0x3b0</run_address>
         <size>0x2</size>
         <input_file_ref idref="fl-43"/>
      </object_component>
      <object_component id="oc-461">
         <name>.stack</name>
         <uninitialized>true</uninitialized>
         <run_address>0x3b0</run_address>
         <size>0x0</size>
      </object_component>
      <object_component id="oc-2f1">
         <name>.text:Table_serving</name>
         <load_address>0xc000</load_address>
         <run_address>0xc000</run_address>
         <size>0x224</size>
         <input_file_ref idref="fl-4"/>
      </object_component>
      <object_component id="oc-36a">
         <name>.text:QHsm_dispatch_</name>
         <load_address>0xc224</load_address>
         <run_address>0xc224</run_address>
         <size>0x128</size>
         <input_file_ref idref="fl-5"/>
      </object_component>
      <object_component id="oc-3d4">
         <name>.text:QHsm_tran_</name>
         <load_address>0xc34c</load_address>
         <run_address>0xc34c</run_address>
         <size>0x11e</size>
         <input_file_ref idref="fl-5"/>
      </object_component>
      <object_component id="oc-393">
         <name>.text:Table_paused</name>
         <load_address>0xc46a</load_address>
         <run_address>0xc46a</run_address>
         <size>0xee</size>
         <input_file_ref idref="fl-4"/>
      </object_component>
      <object_component id="oc-364">
         <name>.text:QHsm_init_</name>
         <load_address>0xc558</load_address>
         <run_address>0xc558</run_address>
         <size>0xd4</size>
         <input_file_ref idref="fl-5"/>
      </object_component>
      <object_component id="oc-3de">
         <name>.text:QActive_register_</name>
         <load_address>0xc62c</load_address>
         <run_address>0xc62c</run_address>
         <size>0xbe</size>
         <input_file_ref idref="fl-d"/>
      </object_component>
      <object_component id="oc-376">
         <name>.text:QActive_post_</name>
         <load_address>0xc6ea</load_address>
         <run_address>0xc6ea</run_address>
         <size>0xb4</size>
         <input_file_ref idref="fl-8"/>
      </object_component>
      <object_component id="oc-166">
         <name>.text:main</name>
         <load_address>0xc79e</load_address>
         <run_address>0xc79e</run_address>
         <size>0xb2</size>
         <input_file_ref idref="fl-2"/>
      </object_component>
      <object_component id="oc-13d">
         <name>.text:QTimeEvt_tick_</name>
         <load_address>0xc850</load_address>
         <run_address>0xc850</run_address>
         <size>0xa6</size>
         <input_file_ref idref="fl-10"/>
      </object_component>
      <object_component id="oc-3ad">
         <name>.text:Philo_eating</name>
         <load_address>0xc8f6</load_address>
         <run_address>0xc8f6</run_address>
         <size>0x92</size>
         <input_file_ref idref="fl-3"/>
      </object_component>
      <object_component id="oc-37c">
         <name>.text:QActive_postLIFO_</name>
         <load_address>0xc988</load_address>
         <run_address>0xc988</run_address>
         <size>0x90</size>
         <input_file_ref idref="fl-8"/>
      </object_component>
      <object_component id="oc-28e">
         <name>.text:QActive_get_</name>
         <load_address>0xca18</load_address>
         <run_address>0xca18</run_address>
         <size>0x86</size>
         <input_file_ref idref="fl-8"/>
      </object_component>
      <object_component id="oc-34">
         <name>.text:decompress:lzss:__TI_decompress_lzss</name>
         <load_address>0xca9e</load_address>
         <run_address>0xca9e</run_address>
         <size>0x7c</size>
         <input_file_ref idref="fl-4b"/>
      </object_component>
      <object_component id="oc-35a">
         <name>.text:QTimeEvt_armX</name>
         <load_address>0xcb1a</load_address>
         <run_address>0xcb1a</run_address>
         <size>0x78</size>
         <input_file_ref idref="fl-10"/>
      </object_component>
      <object_component id="oc-e1">
         <name>.text:TIMER0_A0_ISR</name>
         <load_address>0xcb92</load_address>
         <run_address>0xcb92</run_address>
         <size>0x74</size>
         <input_file_ref idref="fl-11"/>
      </object_component>
      <object_component id="oc-370">
         <name>.text:QActive_start_</name>
         <load_address>0xcc06</load_address>
         <run_address>0xcc06</run_address>
         <size>0x66</size>
         <input_file_ref idref="fl-12"/>
      </object_component>
      <object_component id="oc-346">
         <name>.text:Philo_hungry</name>
         <load_address>0xcc6c</load_address>
         <run_address>0xcc6c</run_address>
         <size>0x64</size>
         <input_file_ref idref="fl-3"/>
      </object_component>
      <object_component id="oc-2d6">
         <name>.text:Philo_thinking</name>
         <load_address>0xccd0</load_address>
         <run_address>0xccd0</run_address>
         <size>0x62</size>
         <input_file_ref idref="fl-3"/>
      </object_component>
      <object_component id="oc-1d4">
         <name>.text:QF_run</name>
         <load_address>0xcd32</load_address>
         <run_address>0xcd32</run_address>
         <size>0x5e</size>
         <input_file_ref idref="fl-12"/>
      </object_component>
      <object_component id="oc-3c3">
         <name>.text:l_lsr_const</name>
         <load_address>0xcd90</load_address>
         <run_address>0xcd90</run_address>
         <size>0x5c</size>
         <input_file_ref idref="fl-40"/>
      </object_component>
      <object_component id="oc-355">
         <name>.text</name>
         <load_address>0xcdec</load_address>
         <run_address>0xcdec</run_address>
         <size>0x58</size>
         <input_file_ref idref="fl-30"/>
      </object_component>
      <object_component id="oc-ba">
         <name>.text</name>
         <load_address>0xce44</load_address>
         <run_address>0xce44</run_address>
         <size>0x4c</size>
         <input_file_ref idref="fl-50"/>
      </object_component>
      <object_component id="oc-26a">
         <name>.text:Table_initial</name>
         <load_address>0xce90</load_address>
         <run_address>0xce90</run_address>
         <size>0x46</size>
         <input_file_ref idref="fl-4"/>
      </object_component>
      <object_component id="oc-1b4">
         <name>.text:Philo_ctor</name>
         <load_address>0xced6</load_address>
         <run_address>0xced6</run_address>
         <size>0x44</size>
         <input_file_ref idref="fl-3"/>
      </object_component>
      <object_component id="oc-25d">
         <name>.text:QTimeEvt_ctorX</name>
         <load_address>0xcf1a</load_address>
         <run_address>0xcf1a</run_address>
         <size>0x44</size>
         <input_file_ref idref="fl-10"/>
      </object_component>
      <object_component id="oc-1e8">
         <name>.text:__TI_auto_init_nobinit_nopinit:__TI_auto_init_nobinit_nopinit</name>
         <load_address>0xcf5e</load_address>
         <run_address>0xcf5e</run_address>
         <size>0x42</size>
         <input_file_ref idref="fl-44"/>
      </object_component>
      <object_component id="oc-38d">
         <name>.text:Table_active</name>
         <load_address>0xcfa0</load_address>
         <run_address>0xcfa0</run_address>
         <size>0x2e</size>
         <input_file_ref idref="fl-4"/>
      </object_component>
      <object_component id="oc-308">
         <name>.text</name>
         <load_address>0xcfce</load_address>
         <run_address>0xcfce</run_address>
         <size>0x2c</size>
         <input_file_ref idref="fl-2d"/>
      </object_component>
      <object_component id="oc-3b3">
         <name>.text</name>
         <load_address>0xcffa</load_address>
         <run_address>0xcffa</run_address>
         <size>0x2c</size>
         <input_file_ref idref="fl-2e"/>
      </object_component>
      <object_component id="oc-b5">
         <name>.text</name>
         <load_address>0xd026</load_address>
         <run_address>0xd026</run_address>
         <size>0x2c</size>
         <input_file_ref idref="fl-3f"/>
      </object_component>
      <object_component id="oc-1c6">
         <name>.text:BSP_init</name>
         <load_address>0xd052</load_address>
         <run_address>0xd052</run_address>
         <size>0x2a</size>
         <input_file_ref idref="fl-11"/>
      </object_component>
      <object_component id="oc-3e4">
         <name>.text:QEQueue_init</name>
         <load_address>0xd07c</load_address>
         <run_address>0xd07c</run_address>
         <size>0x26</size>
         <input_file_ref idref="fl-e"/>
      </object_component>
      <object_component id="oc-3be">
         <name>.text</name>
         <load_address>0xd0a2</load_address>
         <run_address>0xd0a2</run_address>
         <size>0x26</size>
         <input_file_ref idref="fl-42"/>
      </object_component>
      <object_component id="oc-1ba">
         <name>.text:Table_ctor</name>
         <load_address>0xd0c8</load_address>
         <run_address>0xd0c8</run_address>
         <size>0x24</size>
         <input_file_ref idref="fl-4"/>
      </object_component>
      <object_component id="oc-34f">
         <name>.text:BSP_random</name>
         <load_address>0xd0ec</load_address>
         <run_address>0xd0ec</run_address>
         <size>0x22</size>
         <input_file_ref idref="fl-11"/>
      </object_component>
      <object_component id="oc-1c0">
         <name>.text:QF_init</name>
         <load_address>0xd10e</load_address>
         <run_address>0xd10e</run_address>
         <size>0x22</size>
         <input_file_ref idref="fl-12"/>
      </object_component>
      <object_component id="oc-257">
         <name>.text:QActive_ctor</name>
         <load_address>0xd130</load_address>
         <run_address>0xd130</run_address>
         <size>0x20</size>
         <input_file_ref idref="fl-d"/>
      </object_component>
      <object_component id="oc-f9">
         <name>.text:_c_int00_noargs</name>
         <load_address>0xd150</load_address>
         <run_address>0xd150</run_address>
         <size>0x1c</size>
         <input_file_ref idref="fl-43"/>
      </object_component>
      <object_component id="oc-288">
         <name>.text:QF_LOG2</name>
         <load_address>0xd16c</load_address>
         <run_address>0xd16c</run_address>
         <size>0x1a</size>
         <input_file_ref idref="fl-d"/>
      </object_component>
      <object_component id="oc-388">
         <name>.text</name>
         <load_address>0xd186</load_address>
         <run_address>0xd186</run_address>
         <size>0x16</size>
         <input_file_ref idref="fl-2f"/>
      </object_component>
      <object_component id="oc-2eb">
         <name>.text:BSP_displayPhilStat</name>
         <load_address>0xd19c</load_address>
         <run_address>0xd19c</run_address>
         <size>0x14</size>
         <input_file_ref idref="fl-11"/>
      </object_component>
      <object_component id="oc-282">
         <name>.text:QF_onStartup</name>
         <load_address>0xd1b0</load_address>
         <run_address>0xd1b0</run_address>
         <size>0x14</size>
         <input_file_ref idref="fl-11"/>
      </object_component>
      <object_component id="oc-e7">
         <name>.text:decompress:ZI:__TI_zero_init_nomemset:__TI_zero_init_nomemset</name>
         <load_address>0xd1c4</load_address>
         <run_address>0xd1c4</run_address>
         <size>0x14</size>
         <input_file_ref idref="fl-45"/>
      </object_component>
      <object_component id="oc-18b">
         <name>.text</name>
         <load_address>0xd1d8</load_address>
         <run_address>0xd1d8</run_address>
         <size>0x14</size>
         <input_file_ref idref="fl-41"/>
      </object_component>
      <object_component id="oc-2dd">
         <name>.text:QHsm_ctor</name>
         <load_address>0xd1ec</load_address>
         <run_address>0xd1ec</run_address>
         <size>0x12</size>
         <input_file_ref idref="fl-5"/>
      </object_component>
      <object_component id="oc-294">
         <name>.text:QV_onIdle</name>
         <load_address>0xd1fe</load_address>
         <run_address>0xd1fe</run_address>
         <size>0x12</size>
         <input_file_ref idref="fl-11"/>
      </object_component>
      <object_component id="oc-3a">
         <name>.text:decompress:none:__TI_decompress_none</name>
         <load_address>0xd210</load_address>
         <run_address>0xd210</run_address>
         <size>0x12</size>
         <input_file_ref idref="fl-4a"/>
      </object_component>
      <object_component id="oc-cf">
         <name>.text:memcpy</name>
         <load_address>0xd222</load_address>
         <run_address>0xd222</run_address>
         <size>0x12</size>
         <input_file_ref idref="fl-4f"/>
      </object_component>
      <object_component id="oc-271">
         <name>.text:QF_bzero</name>
         <load_address>0xd234</load_address>
         <run_address>0xd234</run_address>
         <size>0x10</size>
         <input_file_ref idref="fl-d"/>
      </object_component>
      <object_component id="oc-bf">
         <name>.text</name>
         <load_address>0xd244</load_address>
         <run_address>0xd244</run_address>
         <size>0x10</size>
         <input_file_ref idref="fl-31"/>
      </object_component>
      <object_component id="oc-263">
         <name>.text:BSP_randomSeed</name>
         <load_address>0xd254</load_address>
         <run_address>0xd254</run_address>
         <size>0xa</size>
         <input_file_ref idref="fl-11"/>
      </object_component>
      <object_component id="oc-251">
         <name>.text:Philo_initial</name>
         <load_address>0xd25e</load_address>
         <run_address>0xd25e</run_address>
         <size>0xa</size>
         <input_file_ref idref="fl-3"/>
      </object_component>
      <object_component id="oc-196">
         <name>.text:Q_onAssert</name>
         <load_address>0xd268</load_address>
         <run_address>0xd268</run_address>
         <size>0x8</size>
         <input_file_ref idref="fl-11"/>
      </object_component>
      <object_component id="oc-dc">
         <name>.text:_isr:__TI_ISR_TRAP</name>
         <load_address>0xd270</load_address>
         <run_address>0xd270</run_address>
         <size>0x8</size>
         <input_file_ref idref="fl-3e"/>
      </object_component>
      <object_component id="oc-1dc">
         <name>.text:abort</name>
         <load_address>0xd278</load_address>
         <run_address>0xd278</run_address>
         <size>0x6</size>
         <input_file_ref idref="fl-4c"/>
      </object_component>
      <object_component id="oc-340">
         <name>.text:QHsm_top</name>
         <load_address>0xd27e</load_address>
         <run_address>0xd27e</run_address>
         <size>0x4</size>
         <input_file_ref idref="fl-5"/>
      </object_component>
      <object_component id="oc-160">
         <name>.text:_system_pre_init</name>
         <load_address>0xd282</load_address>
         <run_address>0xd282</run_address>
         <size>0x4</size>
         <input_file_ref idref="fl-48"/>
      </object_component>
      <object_component id="oc-3f7">
         <name>.text:BSP_displayPaused</name>
         <load_address>0xd286</load_address>
         <run_address>0xd286</run_address>
         <size>0x2</size>
         <input_file_ref idref="fl-11"/>
      </object_component>
      <object_component id="oc-3f0">
         <name>.text:BSP_terminate</name>
         <load_address>0xd288</load_address>
         <run_address>0xd288</run_address>
         <size>0x2</size>
         <input_file_ref idref="fl-11"/>
      </object_component>
      <object_component id="oc-2b0">
         <name>.text:_system_post_cinit</name>
         <load_address>0xd28a</load_address>
         <run_address>0xd28a</run_address>
         <size>0x2</size>
         <input_file_ref idref="fl-49"/>
      </object_component>
      <object_component id="oc-460">
         <name>.cinit..data.load</name>
         <load_address>0xd356</load_address>
         <run_address>0xd356</run_address>
         <size>0x6</size>
      </object_component>
      <object_component id="oc-45d">
         <name>__TI_handler_table</name>
         <load_address>0xd35c</load_address>
         <run_address>0xd35c</run_address>
         <size>0x6</size>
      </object_component>
      <object_component id="oc-45f">
         <name>.cinit..bss.load</name>
         <load_address>0xd362</load_address>
         <run_address>0xd362</run_address>
         <size>0x4</size>
      </object_component>
      <object_component id="oc-45e">
         <name>__TI_cinit_table</name>
         <load_address>0xd366</load_address>
         <run_address>0xd366</run_address>
         <size>0x8</size>
      </object_component>
      <object_component id="oc-2ea">
         <name>.const:.string</name>
         <load_address>0xd28c</load_address>
         <run_address>0xd28c</run_address>
         <size>0x1e</size>
         <input_file_ref idref="fl-4"/>
      </object_component>
      <object_component id="oc-400">
         <name>.const:Philo_doneEvt</name>
         <load_address>0xd2aa</load_address>
         <run_address>0xd2aa</run_address>
         <size>0x14</size>
         <input_file_ref idref="fl-3"/>
      </object_component>
      <object_component id="oc-3b8">
         <name>.const:Philo_hungryEvt</name>
         <load_address>0xd2be</load_address>
         <run_address>0xd2be</run_address>
         <size>0x14</size>
         <input_file_ref idref="fl-3"/>
      </object_component>
      <object_component id="oc-30d">
         <name>.const:.string:log2LUT$2</name>
         <load_address>0xd2d2</load_address>
         <run_address>0xd2d2</run_address>
         <size>0x10</size>
         <input_file_ref idref="fl-d"/>
      </object_component>
      <object_component id="oc-3d0">
         <name>.const:QEP_reservedEvt_</name>
         <load_address>0xd2e2</load_address>
         <run_address>0xd2e2</run_address>
         <size>0xc</size>
         <input_file_ref idref="fl-5"/>
      </object_component>
      <object_component id="oc-34c">
         <name>.const:.string:Q_this_module_</name>
         <load_address>0xd2ee</load_address>
         <run_address>0xd2ee</run_address>
         <size>0xb</size>
         <input_file_ref idref="fl-3"/>
      </object_component>
      <object_component id="oc-385">
         <name>.const:.string:Q_this_module_</name>
         <load_address>0xd2fa</load_address>
         <run_address>0xd2fa</run_address>
         <size>0xb</size>
         <input_file_ref idref="fl-4"/>
      </object_component>
      <object_component id="oc-1d0">
         <name>.const:.string:Q_this_module_</name>
         <load_address>0xd306</load_address>
         <run_address>0xd306</run_address>
         <size>0xa</size>
         <input_file_ref idref="fl-2"/>
      </object_component>
      <object_component id="oc-1cd">
         <name>.const:AO_Philo</name>
         <load_address>0xd310</load_address>
         <run_address>0xd310</run_address>
         <size>0xa</size>
         <input_file_ref idref="fl-3"/>
      </object_component>
      <object_component id="oc-2e3">
         <name>.const:vtable$1</name>
         <load_address>0xd31a</load_address>
         <run_address>0xd31a</run_address>
         <size>0xa</size>
         <input_file_ref idref="fl-d"/>
      </object_component>
      <object_component id="oc-3cd">
         <name>.const:.string:Q_this_module_</name>
         <load_address>0xd324</load_address>
         <run_address>0xd324</run_address>
         <size>0x8</size>
         <input_file_ref idref="fl-5"/>
      </object_component>
      <object_component id="oc-30f">
         <name>.const:.string:Q_this_module_</name>
         <load_address>0xd32c</load_address>
         <run_address>0xd32c</run_address>
         <size>0x8</size>
         <input_file_ref idref="fl-8"/>
      </object_component>
      <object_component id="oc-410">
         <name>.const:.string:Q_this_module_</name>
         <load_address>0xd334</load_address>
         <run_address>0xd334</run_address>
         <size>0x8</size>
         <input_file_ref idref="fl-d"/>
      </object_component>
      <object_component id="oc-193">
         <name>.const:.string:Q_this_module_</name>
         <load_address>0xd33c</load_address>
         <run_address>0xd33c</run_address>
         <size>0x8</size>
         <input_file_ref idref="fl-10"/>
      </object_component>
      <object_component id="oc-361">
         <name>.const:vtable$1</name>
         <load_address>0xd344</load_address>
         <run_address>0xd344</run_address>
         <size>0x4</size>
         <input_file_ref idref="fl-5"/>
      </object_component>
      <object_component id="oc-3db">
         <name>.const:.string:Q_this_module_</name>
         <load_address>0xd348</load_address>
         <run_address>0xd348</run_address>
         <size>0x3</size>
         <input_file_ref idref="fl-12"/>
      </object_component>
      <object_component id="oc-399">
         <name>.const:Table_eatEvt</name>
         <load_address>0xd34b</load_address>
         <run_address>0xd34b</run_address>
         <size>0x3</size>
         <input_file_ref idref="fl-4"/>
      </object_component>
      <object_component id="oc-147">
         <name>.const:pauseEvt</name>
         <load_address>0xd34e</load_address>
         <run_address>0xd34e</run_address>
         <size>0x3</size>
         <input_file_ref idref="fl-4"/>
      </object_component>
      <object_component id="oc-144">
         <name>.const:serveEvt</name>
         <load_address>0xd351</load_address>
         <run_address>0xd351</run_address>
         <size>0x3</size>
         <input_file_ref idref="fl-4"/>
      </object_component>
      <object_component id="oc-14a">
         <name>.const</name>
         <load_address>0xd354</load_address>
         <run_address>0xd354</run_address>
         <size>0x2</size>
         <input_file_ref idref="fl-4"/>
      </object_component>
      <object_component id="oc-41f">
         <name>.binit</name>
         <load_address>0xc000</load_address>
         <run_address>0xc000</run_address>
         <size>0x0</size>
      </object_component>
      <object_component id="oc-40">
         <name>.int00</name>
         <load_address>0xffe0</load_address>
         <run_address>0xffe0</run_address>
         <size>0x2</size>
         <input_file_ref idref="fl-32"/>
      </object_component>
      <object_component id="oc-41">
         <name>.int02</name>
         <load_address>0xffe4</load_address>
         <run_address>0xffe4</run_address>
         <size>0x2</size>
         <input_file_ref idref="fl-33"/>
      </object_component>
      <object_component id="oc-42">
         <name>.int03</name>
         <load_address>0xffe6</load_address>
         <run_address>0xffe6</run_address>
         <size>0x2</size>
         <input_file_ref idref="fl-34"/>
      </object_component>
      <object_component id="oc-43">
         <name>.int05</name>
         <load_address>0xffea</load_address>
         <run_address>0xffea</run_address>
         <size>0x2</size>
         <input_file_ref idref="fl-35"/>
      </object_component>
      <object_component id="oc-44">
         <name>.int06</name>
         <load_address>0xffec</load_address>
         <run_address>0xffec</run_address>
         <size>0x2</size>
         <input_file_ref idref="fl-36"/>
      </object_component>
      <object_component id="oc-45">
         <name>.int07</name>
         <load_address>0xffee</load_address>
         <run_address>0xffee</run_address>
         <size>0x2</size>
         <input_file_ref idref="fl-37"/>
      </object_component>
      <object_component id="oc-46">
         <name>.int08</name>
         <load_address>0xfff0</load_address>
         <run_address>0xfff0</run_address>
         <size>0x2</size>
         <input_file_ref idref="fl-38"/>
      </object_component>
      <object_component id="oc-47">
         <name>.int09</name>
         <load_address>0xfff2</load_address>
         <run_address>0xfff2</run_address>
         <size>0x2</size>
         <input_file_ref idref="fl-11"/>
      </object_component>
      <object_component id="oc-48">
         <name>.int10</name>
         <load_address>0xfff4</load_address>
         <run_address>0xfff4</run_address>
         <size>0x2</size>
         <input_file_ref idref="fl-39"/>
      </object_component>
      <object_component id="oc-49">
         <name>.int11</name>
         <load_address>0xfff6</load_address>
         <run_address>0xfff6</run_address>
         <size>0x2</size>
         <input_file_ref idref="fl-3a"/>
      </object_component>
      <object_component id="oc-4a">
         <name>.int12</name>
         <load_address>0xfff8</load_address>
         <run_address>0xfff8</run_address>
         <size>0x2</size>
         <input_file_ref idref="fl-3b"/>
      </object_component>
      <object_component id="oc-4b">
         <name>.int13</name>
         <load_address>0xfffa</load_address>
         <run_address>0xfffa</run_address>
         <size>0x2</size>
         <input_file_ref idref="fl-3c"/>
      </object_component>
      <object_component id="oc-4c">
         <name>.int14</name>
         <load_address>0xfffc</load_address>
         <run_address>0xfffc</run_address>
         <size>0x2</size>
         <input_file_ref idref="fl-3d"/>
      </object_component>
      <object_component id="oc-b4">
         <name>.reset</name>
         <load_address>0xfffe</load_address>
         <run_address>0xfffe</run_address>
         <size>0x2</size>
         <input_file_ref idref="fl-43"/>
      </object_component>
      <object_component id="oc-1db">
         <name>.debug_info</name>
         <load_address>0x0</load_address>
         <run_address>0x0</run_address>
         <size>0x414</size>
         <input_file_ref idref="fl-2"/>
      </object_component>
      <object_component id="oc-1d1">
         <name>.debug_info</name>
         <load_address>0x414</load_address>
         <run_address>0x414</run_address>
         <size>0xd9</size>
         <input_file_ref idref="fl-2"/>
      </object_component>
      <object_component id="oc-167">
         <name>.debug_info</name>
         <load_address>0x4ed</load_address>
         <run_address>0x4ed</run_address>
         <size>0x1cd</size>
         <input_file_ref idref="fl-2"/>
      </object_component>
      <object_component id="oc-21e">
         <name>.debug_info</name>
         <load_address>0x6ba</load_address>
         <run_address>0x6ba</run_address>
         <size>0x3c4</size>
         <input_file_ref idref="fl-2"/>
      </object_component>
      <object_component id="oc-22d">
         <name>.debug_info</name>
         <load_address>0xa7e</load_address>
         <run_address>0xa7e</run_address>
         <size>0xcf</size>
         <input_file_ref idref="fl-2"/>
      </object_component>
      <object_component id="oc-237">
         <name>.debug_info</name>
         <load_address>0xb4d</load_address>
         <run_address>0xb4d</run_address>
         <size>0x26b</size>
         <input_file_ref idref="fl-2"/>
      </object_component>
      <object_component id="oc-232">
         <name>.debug_info</name>
         <load_address>0xdb8</load_address>
         <run_address>0xdb8</run_address>
         <size>0xdc</size>
         <input_file_ref idref="fl-2"/>
      </object_component>
      <object_component id="oc-223">
         <name>.debug_info</name>
         <load_address>0xe94</load_address>
         <run_address>0xe94</run_address>
         <size>0x290</size>
         <input_file_ref idref="fl-2"/>
      </object_component>
      <object_component id="oc-302">
         <name>.debug_info</name>
         <load_address>0x1124</load_address>
         <run_address>0x1124</run_address>
         <size>0xb4</size>
         <input_file_ref idref="fl-2"/>
      </object_component>
      <object_component id="oc-153">
         <name>.debug_info</name>
         <load_address>0x11d8</load_address>
         <run_address>0x11d8</run_address>
         <size>0x8b</size>
         <input_file_ref idref="fl-2"/>
      </object_component>
      <object_component id="oc-240">
         <name>.debug_info</name>
         <load_address>0x1263</load_address>
         <run_address>0x1263</run_address>
         <size>0x282</size>
         <input_file_ref idref="fl-2"/>
      </object_component>
      <object_component id="oc-19d">
         <name>.debug_info</name>
         <load_address>0x14e5</load_address>
         <run_address>0x14e5</run_address>
         <size>0xef</size>
         <input_file_ref idref="fl-2"/>
      </object_component>
      <object_component id="oc-1ac">
         <name>.debug_info</name>
         <load_address>0x15d4</load_address>
         <run_address>0x15d4</run_address>
         <size>0xbb</size>
         <input_file_ref idref="fl-2"/>
      </object_component>
      <object_component id="oc-27f">
         <name>.debug_info</name>
         <load_address>0x168f</load_address>
         <run_address>0x168f</run_address>
         <size>0x4cb</size>
         <input_file_ref idref="fl-3"/>
      </object_component>
      <object_component id="oc-34d">
         <name>.debug_info</name>
         <load_address>0x1b5a</load_address>
         <run_address>0x1b5a</run_address>
         <size>0xda</size>
         <input_file_ref idref="fl-3"/>
      </object_component>
      <object_component id="oc-24f">
         <name>.debug_info</name>
         <load_address>0x1c34</load_address>
         <run_address>0x1c34</run_address>
         <size>0xcc</size>
         <input_file_ref idref="fl-3"/>
      </object_component>
      <object_component id="oc-1ce">
         <name>.debug_info</name>
         <load_address>0x1d00</load_address>
         <run_address>0x1d00</run_address>
         <size>0xcf</size>
         <input_file_ref idref="fl-3"/>
      </object_component>
      <object_component id="oc-3b9">
         <name>.debug_info</name>
         <load_address>0x1dcf</load_address>
         <run_address>0x1dcf</run_address>
         <size>0xdd</size>
         <input_file_ref idref="fl-3"/>
      </object_component>
      <object_component id="oc-401">
         <name>.debug_info</name>
         <load_address>0x1eac</load_address>
         <run_address>0x1eac</run_address>
         <size>0xd9</size>
         <input_file_ref idref="fl-3"/>
      </object_component>
      <object_component id="oc-2d7">
         <name>.debug_info</name>
         <load_address>0x1f85</load_address>
         <run_address>0x1f85</run_address>
         <size>0x19c</size>
         <input_file_ref idref="fl-3"/>
      </object_component>
      <object_component id="oc-252">
         <name>.debug_info</name>
         <load_address>0x2121</load_address>
         <run_address>0x2121</run_address>
         <size>0x131</size>
         <input_file_ref idref="fl-3"/>
      </object_component>
      <object_component id="oc-3ae">
         <name>.debug_info</name>
         <load_address>0x2252</load_address>
         <run_address>0x2252</run_address>
         <size>0x1b3</size>
         <input_file_ref idref="fl-3"/>
      </object_component>
      <object_component id="oc-347">
         <name>.debug_info</name>
         <load_address>0x2405</load_address>
         <run_address>0x2405</run_address>
         <size>0x185</size>
         <input_file_ref idref="fl-3"/>
      </object_component>
      <object_component id="oc-1b5">
         <name>.debug_info</name>
         <load_address>0x258a</load_address>
         <run_address>0x258a</run_address>
         <size>0x147</size>
         <input_file_ref idref="fl-3"/>
      </object_component>
      <object_component id="oc-2fd">
         <name>.debug_info</name>
         <load_address>0x26d1</load_address>
         <run_address>0x26d1</run_address>
         <size>0x5e</size>
         <input_file_ref idref="fl-3"/>
      </object_component>
      <object_component id="oc-1a4">
         <name>.debug_info</name>
         <load_address>0x272f</load_address>
         <run_address>0x272f</run_address>
         <size>0x47d</size>
         <input_file_ref idref="fl-4"/>
      </object_component>
      <object_component id="oc-386">
         <name>.debug_info</name>
         <load_address>0x2bac</load_address>
         <run_address>0x2bac</run_address>
         <size>0xda</size>
         <input_file_ref idref="fl-4"/>
      </object_component>
      <object_component id="oc-148">
         <name>.debug_info</name>
         <load_address>0x2c86</load_address>
         <run_address>0x2c86</run_address>
         <size>0xcf</size>
         <input_file_ref idref="fl-4"/>
      </object_component>
      <object_component id="oc-145">
         <name>.debug_info</name>
         <load_address>0x2d55</load_address>
         <run_address>0x2d55</run_address>
         <size>0xcf</size>
         <input_file_ref idref="fl-4"/>
      </object_component>
      <object_component id="oc-1a8">
         <name>.debug_info</name>
         <load_address>0x2e24</load_address>
         <run_address>0x2e24</run_address>
         <size>0xcc</size>
         <input_file_ref idref="fl-4"/>
      </object_component>
      <object_component id="oc-14b">
         <name>.debug_info</name>
         <load_address>0x2ef0</load_address>
         <run_address>0x2ef0</run_address>
         <size>0xcf</size>
         <input_file_ref idref="fl-4"/>
      </object_component>
      <object_component id="oc-39a">
         <name>.debug_info</name>
         <load_address>0x2fbf</load_address>
         <run_address>0x2fbf</run_address>
         <size>0xd7</size>
         <input_file_ref idref="fl-4"/>
      </object_component>
      <object_component id="oc-394">
         <name>.debug_info</name>
         <load_address>0x3096</load_address>
         <run_address>0x3096</run_address>
         <size>0x210</size>
         <input_file_ref idref="fl-4"/>
      </object_component>
      <object_component id="oc-38e">
         <name>.debug_info</name>
         <load_address>0x32a6</load_address>
         <run_address>0x32a6</run_address>
         <size>0x178</size>
         <input_file_ref idref="fl-4"/>
      </object_component>
      <object_component id="oc-26b">
         <name>.debug_info</name>
         <load_address>0x341e</load_address>
         <run_address>0x341e</run_address>
         <size>0x156</size>
         <input_file_ref idref="fl-4"/>
      </object_component>
      <object_component id="oc-2f2">
         <name>.debug_info</name>
         <load_address>0x3574</load_address>
         <run_address>0x3574</run_address>
         <size>0x2f2</size>
         <input_file_ref idref="fl-4"/>
      </object_component>
      <object_component id="oc-1bb">
         <name>.debug_info</name>
         <load_address>0x3866</load_address>
         <run_address>0x3866</run_address>
         <size>0x11d</size>
         <input_file_ref idref="fl-4"/>
      </object_component>
      <object_component id="oc-247">
         <name>.debug_info</name>
         <load_address>0x3983</load_address>
         <run_address>0x3983</run_address>
         <size>0x72</size>
         <input_file_ref idref="fl-4"/>
      </object_component>
      <object_component id="oc-363">
         <name>.debug_info</name>
         <load_address>0x39f5</load_address>
         <run_address>0x39f5</run_address>
         <size>0x2d9</size>
         <input_file_ref idref="fl-5"/>
      </object_component>
      <object_component id="oc-3ce">
         <name>.debug_info</name>
         <load_address>0x3cce</load_address>
         <run_address>0x3cce</run_address>
         <size>0x100</size>
         <input_file_ref idref="fl-5"/>
      </object_component>
      <object_component id="oc-3d1">
         <name>.debug_info</name>
         <load_address>0x3dce</load_address>
         <run_address>0x3dce</run_address>
         <size>0x104</size>
         <input_file_ref idref="fl-5"/>
      </object_component>
      <object_component id="oc-341">
         <name>.debug_info</name>
         <load_address>0x3ed2</load_address>
         <run_address>0x3ed2</run_address>
         <size>0x189</size>
         <input_file_ref idref="fl-5"/>
      </object_component>
      <object_component id="oc-365">
         <name>.debug_info</name>
         <load_address>0x405b</load_address>
         <run_address>0x405b</run_address>
         <size>0x235</size>
         <input_file_ref idref="fl-5"/>
      </object_component>
      <object_component id="oc-36b">
         <name>.debug_info</name>
         <load_address>0x4290</load_address>
         <run_address>0x4290</run_address>
         <size>0x291</size>
         <input_file_ref idref="fl-5"/>
      </object_component>
      <object_component id="oc-3d5">
         <name>.debug_info</name>
         <load_address>0x4521</load_address>
         <run_address>0x4521</run_address>
         <size>0x281</size>
         <input_file_ref idref="fl-5"/>
      </object_component>
      <object_component id="oc-2de">
         <name>.debug_info</name>
         <load_address>0x47a2</load_address>
         <run_address>0x47a2</run_address>
         <size>0x1d2</size>
         <input_file_ref idref="fl-5"/>
      </object_component>
      <object_component id="oc-ca">
         <name>.debug_info</name>
         <load_address>0x4974</load_address>
         <run_address>0x4974</run_address>
         <size>0x84</size>
         <input_file_ref idref="fl-7"/>
      </object_component>
      <object_component id="oc-2d1">
         <name>.debug_info</name>
         <load_address>0x49f8</load_address>
         <run_address>0x49f8</run_address>
         <size>0x4f2</size>
         <input_file_ref idref="fl-8"/>
      </object_component>
      <object_component id="oc-310">
         <name>.debug_info</name>
         <load_address>0x4eea</load_address>
         <run_address>0x4eea</run_address>
         <size>0x100</size>
         <input_file_ref idref="fl-8"/>
      </object_component>
      <object_component id="oc-377">
         <name>.debug_info</name>
         <load_address>0x4fea</load_address>
         <run_address>0x4fea</run_address>
         <size>0x263</size>
         <input_file_ref idref="fl-8"/>
      </object_component>
      <object_component id="oc-37d">
         <name>.debug_info</name>
         <load_address>0x524d</load_address>
         <run_address>0x524d</run_address>
         <size>0x21c</size>
         <input_file_ref idref="fl-8"/>
      </object_component>
      <object_component id="oc-28f">
         <name>.debug_info</name>
         <load_address>0x5469</load_address>
         <run_address>0x5469</run_address>
         <size>0x1f1</size>
         <input_file_ref idref="fl-8"/>
      </object_component>
      <object_component id="oc-228">
         <name>.debug_info</name>
         <load_address>0x565a</load_address>
         <run_address>0x565a</run_address>
         <size>0x4e</size>
         <input_file_ref idref="fl-8"/>
      </object_component>
      <object_component id="oc-278">
         <name>.debug_info</name>
         <load_address>0x56a8</load_address>
         <run_address>0x56a8</run_address>
         <size>0x5d5</size>
         <input_file_ref idref="fl-d"/>
      </object_component>
      <object_component id="oc-411">
         <name>.debug_info</name>
         <load_address>0x5c7d</load_address>
         <run_address>0x5c7d</run_address>
         <size>0x100</size>
         <input_file_ref idref="fl-d"/>
      </object_component>
      <object_component id="oc-272">
         <name>.debug_info</name>
         <load_address>0x5d7d</load_address>
         <run_address>0x5d7d</run_address>
         <size>0x1a9</size>
         <input_file_ref idref="fl-d"/>
      </object_component>
      <object_component id="oc-289">
         <name>.debug_info</name>
         <load_address>0x5f26</load_address>
         <run_address>0x5f26</run_address>
         <size>0x1c3</size>
         <input_file_ref idref="fl-d"/>
      </object_component>
      <object_component id="oc-3df">
         <name>.debug_info</name>
         <load_address>0x60e9</load_address>
         <run_address>0x60e9</run_address>
         <size>0x228</size>
         <input_file_ref idref="fl-d"/>
      </object_component>
      <object_component id="oc-258">
         <name>.debug_info</name>
         <load_address>0x6311</load_address>
         <run_address>0x6311</run_address>
         <size>0x1f7</size>
         <input_file_ref idref="fl-d"/>
      </object_component>
      <object_component id="oc-415">
         <name>.debug_info</name>
         <load_address>0x6508</load_address>
         <run_address>0x6508</run_address>
         <size>0x3d0</size>
         <input_file_ref idref="fl-e"/>
      </object_component>
      <object_component id="oc-3e5">
         <name>.debug_info</name>
         <load_address>0x68d8</load_address>
         <run_address>0x68d8</run_address>
         <size>0x1d0</size>
         <input_file_ref idref="fl-e"/>
      </object_component>
      <object_component id="oc-191">
         <name>.debug_info</name>
         <load_address>0x6aa8</load_address>
         <run_address>0x6aa8</run_address>
         <size>0x439</size>
         <input_file_ref idref="fl-10"/>
      </object_component>
      <object_component id="oc-194">
         <name>.debug_info</name>
         <load_address>0x6ee1</load_address>
         <run_address>0x6ee1</run_address>
         <size>0x100</size>
         <input_file_ref idref="fl-10"/>
      </object_component>
      <object_component id="oc-13e">
         <name>.debug_info</name>
         <load_address>0x6fe1</load_address>
         <run_address>0x6fe1</run_address>
         <size>0x21c</size>
         <input_file_ref idref="fl-10"/>
      </object_component>
      <object_component id="oc-25e">
         <name>.debug_info</name>
         <load_address>0x71fd</load_address>
         <run_address>0x71fd</run_address>
         <size>0x212</size>
         <input_file_ref idref="fl-10"/>
      </object_component>
      <object_component id="oc-35b">
         <name>.debug_info</name>
         <load_address>0x740f</load_address>
         <run_address>0x740f</run_address>
         <size>0x255</size>
         <input_file_ref idref="fl-10"/>
      </object_component>
      <object_component id="oc-23f">
         <name>.debug_info</name>
         <load_address>0x7664</load_address>
         <run_address>0x7664</run_address>
         <size>0x54c</size>
         <input_file_ref idref="fl-11"/>
      </object_component>
      <object_component id="oc-2e7">
         <name>.debug_info</name>
         <load_address>0x7bb0</load_address>
         <run_address>0x7bb0</run_address>
         <size>0xc9</size>
         <input_file_ref idref="fl-11"/>
      </object_component>
      <object_component id="oc-e2">
         <name>.debug_info</name>
         <load_address>0x7c79</load_address>
         <run_address>0x7c79</run_address>
         <size>0x168</size>
         <input_file_ref idref="fl-11"/>
      </object_component>
      <object_component id="oc-197">
         <name>.debug_info</name>
         <load_address>0x7de1</load_address>
         <run_address>0x7de1</run_address>
         <size>0x126</size>
         <input_file_ref idref="fl-11"/>
      </object_component>
      <object_component id="oc-295">
         <name>.debug_info</name>
         <load_address>0x7f07</load_address>
         <run_address>0x7f07</run_address>
         <size>0x100</size>
         <input_file_ref idref="fl-11"/>
      </object_component>
      <object_component id="oc-283">
         <name>.debug_info</name>
         <load_address>0x8007</load_address>
         <run_address>0x8007</run_address>
         <size>0x106</size>
         <input_file_ref idref="fl-11"/>
      </object_component>
      <object_component id="oc-3f1">
         <name>.debug_info</name>
         <load_address>0x810d</load_address>
         <run_address>0x810d</run_address>
         <size>0x11d</size>
         <input_file_ref idref="fl-11"/>
      </object_component>
      <object_component id="oc-264">
         <name>.debug_info</name>
         <load_address>0x822a</load_address>
         <run_address>0x822a</run_address>
         <size>0x12c</size>
         <input_file_ref idref="fl-11"/>
      </object_component>
      <object_component id="oc-350">
         <name>.debug_info</name>
         <load_address>0x8356</load_address>
         <run_address>0x8356</run_address>
         <size>0x12b</size>
         <input_file_ref idref="fl-11"/>
      </object_component>
      <object_component id="oc-1c7">
         <name>.debug_info</name>
         <load_address>0x8481</load_address>
         <run_address>0x8481</run_address>
         <size>0xfe</size>
         <input_file_ref idref="fl-11"/>
      </object_component>
      <object_component id="oc-2ec">
         <name>.debug_info</name>
         <load_address>0x857f</load_address>
         <run_address>0x857f</run_address>
         <size>0x147</size>
         <input_file_ref idref="fl-11"/>
      </object_component>
      <object_component id="oc-3f8">
         <name>.debug_info</name>
         <load_address>0x86c6</load_address>
         <run_address>0x86c6</run_address>
         <size>0x125</size>
         <input_file_ref idref="fl-11"/>
      </object_component>
      <object_component id="oc-14e">
         <name>.debug_info</name>
         <load_address>0x87eb</load_address>
         <run_address>0x87eb</run_address>
         <size>0x55</size>
         <input_file_ref idref="fl-11"/>
      </object_component>
      <object_component id="oc-29b">
         <name>.debug_info</name>
         <load_address>0x8840</load_address>
         <run_address>0x8840</run_address>
         <size>0x5a6</size>
         <input_file_ref idref="fl-12"/>
      </object_component>
      <object_component id="oc-3dc">
         <name>.debug_info</name>
         <load_address>0x8de6</load_address>
         <run_address>0x8de6</run_address>
         <size>0xfb</size>
         <input_file_ref idref="fl-12"/>
      </object_component>
      <object_component id="oc-1d5">
         <name>.debug_info</name>
         <load_address>0x8ee1</load_address>
         <run_address>0x8ee1</run_address>
         <size>0x1d8</size>
         <input_file_ref idref="fl-12"/>
      </object_component>
      <object_component id="oc-1c1">
         <name>.debug_info</name>
         <load_address>0x90b9</load_address>
         <run_address>0x90b9</run_address>
         <size>0x184</size>
         <input_file_ref idref="fl-12"/>
      </object_component>
      <object_component id="oc-371">
         <name>.debug_info</name>
         <load_address>0x923d</load_address>
         <run_address>0x923d</run_address>
         <size>0x29b</size>
         <input_file_ref idref="fl-12"/>
      </object_component>
      <object_component id="oc-309">
         <name>.debug_info</name>
         <load_address>0x94d8</load_address>
         <run_address>0x94d8</run_address>
         <size>0x120</size>
         <input_file_ref idref="fl-2d"/>
      </object_component>
      <object_component id="oc-3b4">
         <name>.debug_info</name>
         <load_address>0x95f8</load_address>
         <run_address>0x95f8</run_address>
         <size>0x135</size>
         <input_file_ref idref="fl-2e"/>
      </object_component>
      <object_component id="oc-389">
         <name>.debug_info</name>
         <load_address>0x972d</load_address>
         <run_address>0x972d</run_address>
         <size>0x121</size>
         <input_file_ref idref="fl-2f"/>
      </object_component>
      <object_component id="oc-356">
         <name>.debug_info</name>
         <load_address>0x984e</load_address>
         <run_address>0x984e</run_address>
         <size>0x123</size>
         <input_file_ref idref="fl-30"/>
      </object_component>
      <object_component id="oc-c0">
         <name>.debug_info</name>
         <load_address>0x9971</load_address>
         <run_address>0x9971</run_address>
         <size>0x12e</size>
         <input_file_ref idref="fl-31"/>
      </object_component>
      <object_component id="oc-dd">
         <name>.debug_info</name>
         <load_address>0x9a9f</load_address>
         <run_address>0x9a9f</run_address>
         <size>0x10f</size>
         <input_file_ref idref="fl-3e"/>
      </object_component>
      <object_component id="oc-b6">
         <name>.debug_info</name>
         <load_address>0x9bae</load_address>
         <run_address>0x9bae</run_address>
         <size>0x120</size>
         <input_file_ref idref="fl-3f"/>
      </object_component>
      <object_component id="oc-3c4">
         <name>.debug_info</name>
         <load_address>0x9cce</load_address>
         <run_address>0x9cce</run_address>
         <size>0x126</size>
         <input_file_ref idref="fl-40"/>
      </object_component>
      <object_component id="oc-18c">
         <name>.debug_info</name>
         <load_address>0x9df4</load_address>
         <run_address>0x9df4</run_address>
         <size>0x121</size>
         <input_file_ref idref="fl-41"/>
      </object_component>
      <object_component id="oc-3bf">
         <name>.debug_info</name>
         <load_address>0x9f15</load_address>
         <run_address>0x9f15</run_address>
         <size>0x121</size>
         <input_file_ref idref="fl-42"/>
      </object_component>
      <object_component id="oc-b2">
         <name>.debug_info</name>
         <load_address>0xa036</load_address>
         <run_address>0xa036</run_address>
         <size>0x100</size>
         <input_file_ref idref="fl-43"/>
      </object_component>
      <object_component id="oc-fa">
         <name>.debug_info</name>
         <load_address>0xa136</load_address>
         <run_address>0xa136</run_address>
         <size>0x17a</size>
         <input_file_ref idref="fl-43"/>
      </object_component>
      <object_component id="oc-2b7">
         <name>.debug_info</name>
         <load_address>0xa2b0</load_address>
         <run_address>0xa2b0</run_address>
         <size>0x3de</size>
         <input_file_ref idref="fl-44"/>
      </object_component>
      <object_component id="oc-1e9">
         <name>.debug_info</name>
         <load_address>0xa68e</load_address>
         <run_address>0xa68e</run_address>
         <size>0x1e0</size>
         <input_file_ref idref="fl-44"/>
      </object_component>
      <object_component id="oc-32d">
         <name>.debug_info</name>
         <load_address>0xa86e</load_address>
         <run_address>0xa86e</run_address>
         <size>0x39</size>
         <input_file_ref idref="fl-44"/>
      </object_component>
      <object_component id="oc-339">
         <name>.debug_info</name>
         <load_address>0xa8a7</load_address>
         <run_address>0xa8a7</run_address>
         <size>0x2c</size>
         <input_file_ref idref="fl-44"/>
      </object_component>
      <object_component id="oc-2c2">
         <name>.debug_info</name>
         <load_address>0xa8d3</load_address>
         <run_address>0xa8d3</run_address>
         <size>0x2c</size>
         <input_file_ref idref="fl-44"/>
      </object_component>
      <object_component id="oc-332">
         <name>.debug_info</name>
         <load_address>0xa8ff</load_address>
         <run_address>0xa8ff</run_address>
         <size>0xcd</size>
         <input_file_ref idref="fl-44"/>
      </object_component>
      <object_component id="oc-15e">
         <name>.debug_info</name>
         <load_address>0xa9cc</load_address>
         <run_address>0xa9cc</run_address>
         <size>0x175</size>
         <input_file_ref idref="fl-45"/>
      </object_component>
      <object_component id="oc-e8">
         <name>.debug_info</name>
         <load_address>0xab41</load_address>
         <run_address>0xab41</run_address>
         <size>0x1d2</size>
         <input_file_ref idref="fl-45"/>
      </object_component>
      <object_component id="oc-159">
         <name>.debug_info</name>
         <load_address>0xad13</load_address>
         <run_address>0xad13</run_address>
         <size>0x46</size>
         <input_file_ref idref="fl-45"/>
      </object_component>
      <object_component id="oc-130">
         <name>.debug_info</name>
         <load_address>0xad59</load_address>
         <run_address>0xad59</run_address>
         <size>0x2c</size>
         <input_file_ref idref="fl-45"/>
      </object_component>
      <object_component id="oc-161">
         <name>.debug_info</name>
         <load_address>0xad85</load_address>
         <run_address>0xad85</run_address>
         <size>0x153</size>
         <input_file_ref idref="fl-48"/>
      </object_component>
      <object_component id="oc-2b1">
         <name>.debug_info</name>
         <load_address>0xaed8</load_address>
         <run_address>0xaed8</run_address>
         <size>0x150</size>
         <input_file_ref idref="fl-49"/>
      </object_component>
      <object_component id="oc-db">
         <name>.debug_info</name>
         <load_address>0xb028</load_address>
         <run_address>0xb028</run_address>
         <size>0x180</size>
         <input_file_ref idref="fl-4a"/>
      </object_component>
      <object_component id="oc-3b">
         <name>.debug_info</name>
         <load_address>0xb1a8</load_address>
         <run_address>0xb1a8</run_address>
         <size>0x1ea</size>
         <input_file_ref idref="fl-4a"/>
      </object_component>
      <object_component id="oc-d6">
         <name>.debug_info</name>
         <load_address>0xb392</load_address>
         <run_address>0xb392</run_address>
         <size>0x46</size>
         <input_file_ref idref="fl-4a"/>
      </object_component>
      <object_component id="oc-135">
         <name>.debug_info</name>
         <load_address>0xb3d8</load_address>
         <run_address>0xb3d8</run_address>
         <size>0x2c</size>
         <input_file_ref idref="fl-4a"/>
      </object_component>
      <object_component id="oc-12d">
         <name>.debug_info</name>
         <load_address>0xb404</load_address>
         <run_address>0xb404</run_address>
         <size>0x176</size>
         <input_file_ref idref="fl-4b"/>
      </object_component>
      <object_component id="oc-35">
         <name>.debug_info</name>
         <load_address>0xb57a</load_address>
         <run_address>0xb57a</run_address>
         <size>0x292</size>
         <input_file_ref idref="fl-4b"/>
      </object_component>
      <object_component id="oc-c5">
         <name>.debug_info</name>
         <load_address>0xb80c</load_address>
         <run_address>0xb80c</run_address>
         <size>0x60</size>
         <input_file_ref idref="fl-4b"/>
      </object_component>
      <object_component id="oc-182">
         <name>.debug_info</name>
         <load_address>0xb86c</load_address>
         <run_address>0xb86c</run_address>
         <size>0x46</size>
         <input_file_ref idref="fl-4b"/>
      </object_component>
      <object_component id="oc-128">
         <name>.debug_info</name>
         <load_address>0xb8b2</load_address>
         <run_address>0xb8b2</run_address>
         <size>0x39</size>
         <input_file_ref idref="fl-4b"/>
      </object_component>
      <object_component id="oc-1dd">
         <name>.debug_info</name>
         <load_address>0xb8eb</load_address>
         <run_address>0xb8eb</run_address>
         <size>0x122</size>
         <input_file_ref idref="fl-4c"/>
      </object_component>
      <object_component id="oc-12f">
         <name>.debug_info</name>
         <load_address>0xba0d</load_address>
         <run_address>0xba0d</run_address>
         <size>0x181</size>
         <input_file_ref idref="fl-4f"/>
      </object_component>
      <object_component id="oc-d0">
         <name>.debug_info</name>
         <load_address>0xbb8e</load_address>
         <run_address>0xbb8e</run_address>
         <size>0x17a</size>
         <input_file_ref idref="fl-4f"/>
      </object_component>
      <object_component id="oc-bb">
         <name>.debug_info</name>
         <load_address>0xbd08</load_address>
         <run_address>0xbd08</run_address>
         <size>0x120</size>
         <input_file_ref idref="fl-50"/>
      </object_component>
      <object_component id="oc-462">
         <name>.debug_info</name>
         <load_address>0xbe28</load_address>
         <run_address>0xbe28</run_address>
         <size>0x9d</size>
      </object_component>
      <object_component id="oc-29d">
         <name>.debug_line</name>
         <load_address>0x0</load_address>
         <run_address>0x0</run_address>
         <size>0x9d</size>
         <input_file_ref idref="fl-2"/>
      </object_component>
      <object_component id="oc-281">
         <name>.debug_line</name>
         <load_address>0x9d</load_address>
         <run_address>0x9d</run_address>
         <size>0x2d</size>
         <input_file_ref idref="fl-2"/>
      </object_component>
      <object_component id="oc-16a">
         <name>.debug_line</name>
         <load_address>0xca</load_address>
         <run_address>0xca</run_address>
         <size>0x57</size>
         <input_file_ref idref="fl-2"/>
      </object_component>
      <object_component id="oc-221">
         <name>.debug_line</name>
         <load_address>0x121</load_address>
         <run_address>0x121</run_address>
         <size>0x51</size>
         <input_file_ref idref="fl-2"/>
      </object_component>
      <object_component id="oc-230">
         <name>.debug_line</name>
         <load_address>0x172</load_address>
         <run_address>0x172</run_address>
         <size>0x55</size>
         <input_file_ref idref="fl-2"/>
      </object_component>
      <object_component id="oc-23a">
         <name>.debug_line</name>
         <load_address>0x1c7</load_address>
         <run_address>0x1c7</run_address>
         <size>0x7e</size>
         <input_file_ref idref="fl-2"/>
      </object_component>
      <object_component id="oc-235">
         <name>.debug_line</name>
         <load_address>0x245</load_address>
         <run_address>0x245</run_address>
         <size>0x54</size>
         <input_file_ref idref="fl-2"/>
      </object_component>
      <object_component id="oc-226">
         <name>.debug_line</name>
         <load_address>0x299</load_address>
         <run_address>0x299</run_address>
         <size>0x50</size>
         <input_file_ref idref="fl-2"/>
      </object_component>
      <object_component id="oc-305">
         <name>.debug_line</name>
         <load_address>0x2e9</load_address>
         <run_address>0x2e9</run_address>
         <size>0x2c</size>
         <input_file_ref idref="fl-2"/>
      </object_component>
      <object_component id="oc-156">
         <name>.debug_line</name>
         <load_address>0x315</load_address>
         <run_address>0x315</run_address>
         <size>0x20</size>
         <input_file_ref idref="fl-2"/>
      </object_component>
      <object_component id="oc-243">
         <name>.debug_line</name>
         <load_address>0x335</load_address>
         <run_address>0x335</run_address>
         <size>0x82</size>
         <input_file_ref idref="fl-2"/>
      </object_component>
      <object_component id="oc-1a0">
         <name>.debug_line</name>
         <load_address>0x3b7</load_address>
         <run_address>0x3b7</run_address>
         <size>0x7e</size>
         <input_file_ref idref="fl-2"/>
      </object_component>
      <object_component id="oc-1af">
         <name>.debug_line</name>
         <load_address>0x435</load_address>
         <run_address>0x435</run_address>
         <size>0x7f</size>
         <input_file_ref idref="fl-2"/>
      </object_component>
      <object_component id="oc-2fc">
         <name>.debug_line</name>
         <load_address>0x4b4</load_address>
         <run_address>0x4b4</run_address>
         <size>0xce</size>
         <input_file_ref idref="fl-3"/>
      </object_component>
      <object_component id="oc-3bd">
         <name>.debug_line</name>
         <load_address>0x582</load_address>
         <run_address>0x582</run_address>
         <size>0x2e</size>
         <input_file_ref idref="fl-3"/>
      </object_component>
      <object_component id="oc-2d5">
         <name>.debug_line</name>
         <load_address>0x5b0</load_address>
         <run_address>0x5b0</run_address>
         <size>0x2e</size>
         <input_file_ref idref="fl-3"/>
      </object_component>
      <object_component id="oc-27e">
         <name>.debug_line</name>
         <load_address>0x5de</load_address>
         <run_address>0x5de</run_address>
         <size>0x2e</size>
         <input_file_ref idref="fl-3"/>
      </object_component>
      <object_component id="oc-406">
         <name>.debug_line</name>
         <load_address>0x60c</load_address>
         <run_address>0x60c</run_address>
         <size>0x2e</size>
         <input_file_ref idref="fl-3"/>
      </object_component>
      <object_component id="oc-419">
         <name>.debug_line</name>
         <load_address>0x63a</load_address>
         <run_address>0x63a</run_address>
         <size>0x2e</size>
         <input_file_ref idref="fl-3"/>
      </object_component>
      <object_component id="oc-2da">
         <name>.debug_line</name>
         <load_address>0x668</load_address>
         <run_address>0x668</run_address>
         <size>0x53</size>
         <input_file_ref idref="fl-3"/>
      </object_component>
      <object_component id="oc-255">
         <name>.debug_line</name>
         <load_address>0x6bb</load_address>
         <run_address>0x6bb</run_address>
         <size>0x41</size>
         <input_file_ref idref="fl-3"/>
      </object_component>
      <object_component id="oc-3b1">
         <name>.debug_line</name>
         <load_address>0x6fc</load_address>
         <run_address>0x6fc</run_address>
         <size>0x5b</size>
         <input_file_ref idref="fl-3"/>
      </object_component>
      <object_component id="oc-34a">
         <name>.debug_line</name>
         <load_address>0x757</load_address>
         <run_address>0x757</run_address>
         <size>0x53</size>
         <input_file_ref idref="fl-3"/>
      </object_component>
      <object_component id="oc-1b8">
         <name>.debug_line</name>
         <load_address>0x7aa</load_address>
         <run_address>0x7aa</run_address>
         <size>0x4c</size>
         <input_file_ref idref="fl-3"/>
      </object_component>
      <object_component id="oc-300">
         <name>.debug_line</name>
         <load_address>0x7f6</load_address>
         <run_address>0x7f6</run_address>
         <size>0x2e</size>
         <input_file_ref idref="fl-3"/>
      </object_component>
      <object_component id="oc-246">
         <name>.debug_line</name>
         <load_address>0x824</load_address>
         <run_address>0x824</run_address>
         <size>0xce</size>
         <input_file_ref idref="fl-4"/>
      </object_component>
      <object_component id="oc-3ee">
         <name>.debug_line</name>
         <load_address>0x8f2</load_address>
         <run_address>0x8f2</run_address>
         <size>0x2e</size>
         <input_file_ref idref="fl-4"/>
      </object_component>
      <object_component id="oc-1a6">
         <name>.debug_line</name>
         <load_address>0x920</load_address>
         <run_address>0x920</run_address>
         <size>0x2e</size>
         <input_file_ref idref="fl-4"/>
      </object_component>
      <object_component id="oc-1a3">
         <name>.debug_line</name>
         <load_address>0x94e</load_address>
         <run_address>0x94e</run_address>
         <size>0x2e</size>
         <input_file_ref idref="fl-4"/>
      </object_component>
      <object_component id="oc-24d">
         <name>.debug_line</name>
         <load_address>0x97c</load_address>
         <run_address>0x97c</run_address>
         <size>0x2e</size>
         <input_file_ref idref="fl-4"/>
      </object_component>
      <object_component id="oc-1ab">
         <name>.debug_line</name>
         <load_address>0x9aa</load_address>
         <run_address>0x9aa</run_address>
         <size>0x2e</size>
         <input_file_ref idref="fl-4"/>
      </object_component>
      <object_component id="oc-3ff">
         <name>.debug_line</name>
         <load_address>0x9d8</load_address>
         <run_address>0x9d8</run_address>
         <size>0x2e</size>
         <input_file_ref idref="fl-4"/>
      </object_component>
      <object_component id="oc-397">
         <name>.debug_line</name>
         <load_address>0xa06</load_address>
         <run_address>0xa06</run_address>
         <size>0x66</size>
         <input_file_ref idref="fl-4"/>
      </object_component>
      <object_component id="oc-391">
         <name>.debug_line</name>
[...]
         <value>0xd130</value>
         <object_component_ref idref="oc-257"/>
      </symbol>
      <symbol id="sm-2af">
         <name>QActive_register_</name>
         <value>0xc62c</value>
         <object_component_ref idref="oc-3de"/>
      </symbol>
      <symbol id="sm-2bc">
         <name>QEQueue_init</name>
         <value>0xd07c</value>
         <object_component_ref idref="oc-3e4"/>
      </symbol>
      <symbol id="sm-2ed">
         <name>QTimeEvt_timeEvtHead_</name>
         <value>0x2f2</value>
      </symbol>
      <symbol id="sm-2ee">
         <name>QTimeEvt_armX</name>
         <value>0xcb1a</value>
         <object_component_ref idref="oc-35a"/>
      </symbol>
      <symbol id="sm-2ef">
         <name>QTimeEvt_tick_</name>
         <value>0xc850</value>
         <object_component_ref idref="oc-13d"/>
      </symbol>
      <symbol id="sm-2f0">
         <name>QTimeEvt_ctorX</name>
         <value>0xcf1a</value>
         <object_component_ref idref="oc-25d"/>
      </symbol>
      <symbol id="sm-34d">
         <name>BSP_randomSeed</name>
         <value>0xd254</value>
         <object_component_ref idref="oc-263"/>
      </symbol>
      <symbol id="sm-34e">
         <name>BSP_random</name>
         <value>0xd0ec</value>
         <object_component_ref idref="oc-34f"/>
      </symbol>
      <symbol id="sm-34f">
         <name>__TI_int09</name>
         <value>0xfff2</value>
         <object_component_ref idref="oc-47"/>
      </symbol>
      <symbol id="sm-350">
         <name>QF_onStartup</name>
         <value>0xd1b0</value>
         <object_component_ref idref="oc-282"/>
      </symbol>
      <symbol id="sm-351">
         <name>BSP_displayPaused</name>
         <value>0xd286</value>
         <object_component_ref idref="oc-3f7"/>
      </symbol>
      <symbol id="sm-352">
         <name>QV_onIdle</name>
         <value>0xd1fe</value>
         <object_component_ref idref="oc-294"/>
      </symbol>
      <symbol id="sm-353">
         <name>BSP_init</name>
         <value>0xd052</value>
         <object_component_ref idref="oc-1c6"/>
      </symbol>
      <symbol id="sm-354">
         <name>BSP_terminate</name>
         <value>0xd288</value>
         <object_component_ref idref="oc-3f0"/>
      </symbol>
      <symbol id="sm-355">
         <name>BSP_displayPhilStat</name>
         <value>0xd19c</value>
         <object_component_ref idref="oc-2eb"/>
      </symbol>
      <symbol id="sm-356">
         <name>Q_onAssert</name>
         <value>0xd268</value>
         <object_component_ref idref="oc-196"/>
      </symbol>
      <symbol id="sm-357">
         <name>TIMER0_A0_ISR</name>
         <value>0xcb92</value>
         <object_component_ref idref="oc-e1"/>
      </symbol>
      <symbol id="sm-37b">
         <name>QF_init</name>
         <value>0xd10e</value>
         <object_component_ref idref="oc-1c0"/>
      </symbol>
      <symbol id="sm-37c">
         <name>QActive_start_</name>
         <value>0xcc06</value>
         <object_component_ref idref="oc-370"/>
      </symbol>
      <symbol id="sm-37d">
         <name>QF_run</name>
         <value>0xcd32</value>
         <object_component_ref idref="oc-1d4"/>
      </symbol>
      <symbol id="sm-385">
         <name>__mspabi_srai</name>
         <value>0xcfce</value>
         <object_component_ref idref="oc-308"/>
      </symbol>
      <symbol id="sm-386">
         <name>__mspabi_srai_8</name>
         <value>0xcfe8</value>
         <object_component_ref idref="oc-308"/>
      </symbol>
      <symbol id="sm-387">
         <name>__mspabi_srai_9</name>
         <value>0xcfe6</value>
         <object_component_ref idref="oc-308"/>
      </symbol>
      <symbol id="sm-388">
         <name>__mspabi_srai_6</name>
         <value>0xcfec</value>
         <object_component_ref idref="oc-308"/>
      </symbol>
      <symbol id="sm-389">
         <name>__mspabi_srai_7</name>
         <value>0xcfea</value>
         <object_component_ref idref="oc-308"/>
      </symbol>
      <symbol id="sm-38a">
         <name>__mspabi_srai_4</name>
         <value>0xcff0</value>
         <object_component_ref idref="oc-308"/>
      </symbol>
      <symbol id="sm-38b">
         <name>__mspabi_srai_5</name>
         <value>0xcfee</value>
         <object_component_ref idref="oc-308"/>
      </symbol>
      <symbol id="sm-38c">
         <name>__mspabi_srai_2</name>
         <value>0xcff4</value>
         <object_component_ref idref="oc-308"/>
      </symbol>
      <symbol id="sm-38d">
         <name>__mspabi_srai_3</name>
         <value>0xcff2</value>
         <object_component_ref idref="oc-308"/>
      </symbol>
      <symbol id="sm-38e">
         <name>__mspabi_srai_1</name>
         <value>0xcff6</value>
         <object_component_ref idref="oc-308"/>
      </symbol>
      <symbol id="sm-38f">
         <name>__mspabi_srai_15</name>
         <value>0xcfda</value>
         <object_component_ref idref="oc-308"/>
      </symbol>
      <symbol id="sm-390">
         <name>__mspabi_srai_14</name>
         <value>0xcfdc</value>
         <object_component_ref idref="oc-308"/>
      </symbol>
      <symbol id="sm-391">
         <name>__mspabi_srai_13</name>
         <value>0xcfde</value>
         <object_component_ref idref="oc-308"/>
      </symbol>
      <symbol id="sm-392">
         <name>__mspabi_srai_12</name>
         <value>0xcfe0</value>
         <object_component_ref idref="oc-308"/>
      </symbol>
      <symbol id="sm-393">
         <name>__mspabi_srai_11</name>
         <value>0xcfe2</value>
         <object_component_ref idref="oc-308"/>
      </symbol>
      <symbol id="sm-394">
         <name>__mspabi_srai_10</name>
         <value>0xcfe4</value>
         <object_component_ref idref="oc-308"/>
      </symbol>
      <symbol id="sm-3a0">
         <name>__mspabi_remi</name>
         <value>0xcffa</value>
         <object_component_ref idref="oc-3b3"/>
      </symbol>
      <symbol id="sm-3a1">
         <name>__mspabi_divi</name>
         <value>0xcffa</value>
         <object_component_ref idref="oc-3b3"/>
      </symbol>
      <symbol id="sm-3ab">
         <name>__mspabi_remu</name>
         <value>0xd186</value>
         <object_component_ref idref="oc-388"/>
      </symbol>
      <symbol id="sm-3ac">
         <name>__mspabi_divu</name>
         <value>0xd186</value>
         <object_component_ref idref="oc-388"/>
      </symbol>
      <symbol id="sm-3ba">
         <name>__mspabi_remul</name>
         <value>0xcdec</value>
         <object_component_ref idref="oc-355"/>
      </symbol>
      <symbol id="sm-3bb">
         <name>__mspabi_divul</name>
         <value>0xcdec</value>
         <object_component_ref idref="oc-355"/>
      </symbol>
      <symbol id="sm-3c4">
         <name>__mspabi_func_epilog_2</name>
         <value>0xd24e</value>
         <object_component_ref idref="oc-bf"/>
      </symbol>
      <symbol id="sm-3c5">
         <name>__mspabi_func_epilog_3</name>
         <value>0xd24c</value>
         <object_component_ref idref="oc-bf"/>
      </symbol>
      <symbol id="sm-3c6">
         <name>__mspabi_func_epilog_1</name>
         <value>0xd250</value>
         <object_component_ref idref="oc-bf"/>
      </symbol>
      <symbol id="sm-3c7">
         <name>__mspabi_func_epilog_6</name>
         <value>0xd246</value>
         <object_component_ref idref="oc-bf"/>
      </symbol>
      <symbol id="sm-3c8">
         <name>__mspabi_func_epilog_7</name>
         <value>0xd244</value>
         <object_component_ref idref="oc-bf"/>
      </symbol>
      <symbol id="sm-3c9">
         <name>__mspabi_func_epilog_4</name>
         <value>0xd24a</value>
         <object_component_ref idref="oc-bf"/>
      </symbol>
      <symbol id="sm-3ca">
         <name>__mspabi_func_epilog_5</name>
         <value>0xd248</value>
         <object_component_ref idref="oc-bf"/>
      </symbol>
      <symbol id="sm-3cd">
         <name>__TI_int00</name>
         <value>0xffe0</value>
         <object_component_ref idref="oc-40"/>
      </symbol>
      <symbol id="sm-3d0">
         <name>__TI_int02</name>
         <value>0xffe4</value>
         <object_component_ref idref="oc-41"/>
      </symbol>
      <symbol id="sm-3d3">
         <name>__TI_int03</name>
         <value>0xffe6</value>
         <object_component_ref idref="oc-42"/>
      </symbol>
      <symbol id="sm-3d6">
         <name>__TI_int05</name>
         <value>0xffea</value>
         <object_component_ref idref="oc-43"/>
      </symbol>
      <symbol id="sm-3d9">
         <name>__TI_int06</name>
         <value>0xffec</value>
         <object_component_ref idref="oc-44"/>
      </symbol>
      <symbol id="sm-3dc">
         <name>__TI_int07</name>
         <value>0xffee</value>
         <object_component_ref idref="oc-45"/>
      </symbol>
      <symbol id="sm-3df">
         <name>__TI_int08</name>
         <value>0xfff0</value>
         <object_component_ref idref="oc-46"/>
      </symbol>
      <symbol id="sm-3e2">
         <name>__TI_int10</name>
         <value>0xfff4</value>
         <object_component_ref idref="oc-48"/>
      </symbol>
      <symbol id="sm-3e5">
         <name>__TI_int11</name>
         <value>0xfff6</value>
         <object_component_ref idref="oc-49"/>
      </symbol>
      <symbol id="sm-3e8">
         <name>__TI_int12</name>
         <value>0xfff8</value>
         <object_component_ref idref="oc-4a"/>
      </symbol>
      <symbol id="sm-3eb">
         <name>__TI_int13</name>
         <value>0xfffa</value>
         <object_component_ref idref="oc-4b"/>
      </symbol>
      <symbol id="sm-3ee">
         <name>__TI_int14</name>
         <value>0xfffc</value>
         <object_component_ref idref="oc-4c"/>
      </symbol>
      <symbol id="sm-3f6">
         <name>__TI_ISR_TRAP</name>
         <value>0xd270</value>
         <object_component_ref idref="oc-dc"/>
      </symbol>
      <symbol id="sm-3fe">
         <name>__mspabi_slli</name>
         <value>0xd026</value>
         <object_component_ref idref="oc-b5"/>
      </symbol>
      <symbol id="sm-3ff">
         <name>__mspabi_slli_9</name>
         <value>0xd03e</value>
         <object_component_ref idref="oc-b5"/>
      </symbol>
      <symbol id="sm-400">
         <name>__mspabi_slli_8</name>
         <value>0xd040</value>
         <object_component_ref idref="oc-b5"/>
      </symbol>
      <symbol id="sm-401">
         <name>__mspabi_slli_7</name>
         <value>0xd042</value>
         <object_component_ref idref="oc-b5"/>
      </symbol>
      <symbol id="sm-402">
         <name>__mspabi_slli_6</name>
         <value>0xd044</value>
         <object_component_ref idref="oc-b5"/>
      </symbol>
      <symbol id="sm-403">
         <name>__mspabi_slli_5</name>
         <value>0xd046</value>
         <object_component_ref idref="oc-b5"/>
      </symbol>
      <symbol id="sm-404">
         <name>__mspabi_slli_4</name>
         <value>0xd048</value>
         <object_component_ref idref="oc-b5"/>
      </symbol>
      <symbol id="sm-405">
         <name>__mspabi_slli_3</name>
         <value>0xd04a</value>
         <object_component_ref idref="oc-b5"/>
      </symbol>
      <symbol id="sm-406">
         <name>__mspabi_slli_2</name>
         <value>0xd04c</value>
         <object_component_ref idref="oc-b5"/>
      </symbol>
      <symbol id="sm-407">
         <name>__mspabi_slli_1</name>
         <value>0xd04e</value>
         <object_component_ref idref="oc-b5"/>
      </symbol>
      <symbol id="sm-408">
         <name>__mspabi_slli_15</name>
         <value>0xd032</value>
         <object_component_ref idref="oc-b5"/>
      </symbol>
      <symbol id="sm-409">
         <name>__mspabi_slli_14</name>
         <value>0xd034</value>
         <object_component_ref idref="oc-b5"/>
      </symbol>
      <symbol id="sm-40a">
         <name>__mspabi_slli_13</name>
         <value>0xd036</value>
         <object_component_ref idref="oc-b5"/>
      </symbol>
      <symbol id="sm-40b">
         <name>__mspabi_slli_12</name>
         <value>0xd038</value>
         <object_component_ref idref="oc-b5"/>
      </symbol>
      <symbol id="sm-40c">
         <name>__mspabi_slli_11</name>
         <value>0xd03a</value>
         <object_component_ref idref="oc-b5"/>
      </symbol>
      <symbol id="sm-40d">
         <name>__mspabi_slli_10</name>
         <value>0xd03c</value>
         <object_component_ref idref="oc-b5"/>
      </symbol>
      <symbol id="sm-415">
         <name>__mspabi_srll_8</name>
         <value>0xcdba</value>
         <object_component_ref idref="oc-3c3"/>
      </symbol>
      <symbol id="sm-416">
         <name>__mspabi_srll_9</name>
         <value>0xcdb4</value>
         <object_component_ref idref="oc-3c3"/>
      </symbol>
      <symbol id="sm-417">
         <name>__mspabi_srll_6</name>
         <value>0xcdc6</value>
         <object_component_ref idref="oc-3c3"/>
      </symbol>
      <symbol id="sm-418">
         <name>__mspabi_srll_7</name>
         <value>0xcdc0</value>
         <object_component_ref idref="oc-3c3"/>
      </symbol>
      <symbol id="sm-419">
         <name>__mspabi_srll_4</name>
         <value>0xcdd2</value>
         <object_component_ref idref="oc-3c3"/>
      </symbol>
      <symbol id="sm-41a">
         <name>__mspabi_srll_5</name>
         <value>0xcdcc</value>
         <object_component_ref idref="oc-3c3"/>
      </symbol>
      <symbol id="sm-41b">
         <name>__mspabi_srll_2</name>
         <value>0xcdde</value>
         <object_component_ref idref="oc-3c3"/>
      </symbol>
      <symbol id="sm-41c">
         <name>__mspabi_srll_3</name>
         <value>0xcdd8</value>
         <object_component_ref idref="oc-3c3"/>
      </symbol>
      <symbol id="sm-41d">
         <name>__mspabi_srll_1</name>
         <value>0xcde4</value>
         <object_component_ref idref="oc-3c3"/>
      </symbol>
      <symbol id="sm-41e">
         <name>__mspabi_srll_15</name>
         <value>0xcd90</value>
         <object_component_ref idref="oc-3c3"/>
      </symbol>
      <symbol id="sm-41f">
         <name>__mspabi_srll_14</name>
         <value>0xcd96</value>
         <object_component_ref idref="oc-3c3"/>
      </symbol>
      <symbol id="sm-420">
         <name>__mspabi_srll_13</name>
         <value>0xcd9c</value>
         <object_component_ref idref="oc-3c3"/>
      </symbol>
      <symbol id="sm-421">
         <name>__mspabi_srll_12</name>
         <value>0xcda2</value>
         <object_component_ref idref="oc-3c3"/>
      </symbol>
      <symbol id="sm-422">
         <name>__mspabi_srll_11</name>
         <value>0xcda8</value>
         <object_component_ref idref="oc-3c3"/>
      </symbol>
      <symbol id="sm-423">
         <name>__mspabi_srll_10</name>
         <value>0xcdae</value>
         <object_component_ref idref="oc-3c3"/>
      </symbol>
      <symbol id="sm-42d">
         <name>__mspabi_mpyi_sw</name>
         <value>0xd1d8</value>
         <object_component_ref idref="oc-18b"/>
      </symbol>
      <symbol id="sm-42e">
         <name>__mspabi_mpyi</name>
         <value>0xd1d8</value>
         <object_component_ref idref="oc-18b"/>
      </symbol>
      <symbol id="sm-438">
         <name>__mspabi_mpyl_sw</name>
         <value>0xd0a2</value>
         <object_component_ref idref="oc-3be"/>
      </symbol>
      <symbol id="sm-439">
         <name>__mspabi_mpyl</name>
         <value>0xd0a2</value>
         <object_component_ref idref="oc-3be"/>
      </symbol>
      <symbol id="sm-449">
         <name>_stack</name>
         <value>0x3b0</value>
         <object_component_ref idref="oc-b1"/>
      </symbol>
      <symbol id="sm-44a">
         <name>_c_int00_noargs</name>
         <value>0xd150</value>
         <object_component_ref idref="oc-f9"/>
      </symbol>
      <symbol id="sm-44b">
         <name>_reset_vector</name>
         <value>0xfffe</value>
         <object_component_ref idref="oc-b4"/>
      </symbol>
      <symbol id="sm-46d">
         <name>__TI_auto_init_nobinit_nopinit</name>
         <value>0xcf5e</value>
         <object_component_ref idref="oc-1e8"/>
      </symbol>
      <symbol id="sm-485">
         <name>__TI_zero_init_nomemset</name>
         <value>0xd1c4</value>
         <object_component_ref idref="oc-e7"/>
      </symbol>
      <symbol id="sm-490">
         <name>_system_pre_init</name>
         <value>0xd282</value>
         <object_component_ref idref="oc-160"/>
      </symbol>
      <symbol id="sm-499">
         <name>_system_post_cinit</name>
         <value>0xd28a</value>
         <object_component_ref idref="oc-2b0"/>
      </symbol>
      <symbol id="sm-4af">
         <name>__TI_decompress_none</name>
         <value>0xd210</value>
         <object_component_ref idref="oc-3a"/>
      </symbol>
      <symbol id="sm-4d2">
         <name>__TI_decompress_lzss</name>
         <value>0xca9e</value>
         <object_component_ref idref="oc-34"/>
      </symbol>
      <symbol id="sm-4dc">
         <name>C$$EXIT</name>
         <value>0xd278</value>
         <object_component_ref idref="oc-1dc"/>
      </symbol>
      <symbol id="sm-4dd">
         <name>abort</name>
         <value>0xd278</value>
         <object_component_ref idref="oc-1dc"/>
      </symbol>
      <symbol id="sm-4ed">
         <name>memcpy</name>
         <value>0xd222</value>
         <object_component_ref idref="oc-cf"/>
      </symbol>
      <symbol id="sm-4f5">
         <name>__mspabi_srli_8</name>
         <value>0xce6e</value>
         <object_component_ref idref="oc-ba"/>
      </symbol>
      <symbol id="sm-4f6">
         <name>__mspabi_srli_9</name>
         <value>0xce6a</value>
         <object_component_ref idref="oc-ba"/>
      </symbol>
      <symbol id="sm-4f7">
         <name>__mspabi_srli_6</name>
         <value>0xce76</value>
         <object_component_ref idref="oc-ba"/>
      </symbol>
      <symbol id="sm-4f8">
         <name>__mspabi_srli_7</name>
         <value>0xce72</value>
         <object_component_ref idref="oc-ba"/>
      </symbol>
      <symbol id="sm-4f9">
         <name>__mspabi_srli_4</name>
         <value>0xce7e</value>
         <object_component_ref idref="oc-ba"/>
      </symbol>
      <symbol id="sm-4fa">
         <name>__mspabi_srli_5</name>
         <value>0xce7a</value>
         <object_component_ref idref="oc-ba"/>
      </symbol>
      <symbol id="sm-4fb">
         <name>__mspabi_srli_2</name>
         <value>0xce86</value>
         <object_component_ref idref="oc-ba"/>
      </symbol>
      <symbol id="sm-4fc">
         <name>__mspabi_srli_3</name>
         <value>0xce82</value>
         <object_component_ref idref="oc-ba"/>
      </symbol>
      <symbol id="sm-4fd">
         <name>__mspabi_srli_1</name>
         <value>0xce8a</value>
         <object_component_ref idref="oc-ba"/>
      </symbol>
      <symbol id="sm-4fe">
         <name>__mspabi_srli</name>
         <value>0xce44</value>
         <object_component_ref idref="oc-ba"/>
      </symbol>
      <symbol id="sm-4ff">
         <name>__mspabi_srli_15</name>
         <value>0xce52</value>
         <object_component_ref idref="oc-ba"/>
      </symbol>
      <symbol id="sm-500">
         <name>__mspabi_srli_14</name>
         <value>0xce56</value>
         <object_component_ref idref="oc-ba"/>
      </symbol>
      <symbol id="sm-501">
         <name>__mspabi_srli_13</name>
         <value>0xce5a</value>
         <object_component_ref idref="oc-ba"/>
      </symbol>
      <symbol id="sm-502">
         <name>__mspabi_srli_12</name>
         <value>0xce5e</value>
         <object_component_ref idref="oc-ba"/>
      </symbol>
      <symbol id="sm-503">
         <name>__mspabi_srli_11</name>
         <value>0xce62</value>
         <object_component_ref idref="oc-ba"/>
      </symbol>
      <symbol id="sm-504">
         <name>__mspabi_srli_10</name>
         <value>0xce66</value>
         <object_component_ref idref="oc-ba"/>
      </symbol>
   </symbol_table>
   <title>Link successful</title>
</link_info>
