******************************************************************************
                  MSP430 Linker Unix v21.6.0                   
******************************************************************************
>> Linked Wed Sep 14 09:15:22 2022

OUTPUT FILE NAME:   <qpc_dpp.out>
ENTRY POINT SYMBOL: "_c_int00_noargs"  address: 0000d150


MEMORY CONFIGURATION

         name            origin    length      used     unused   attr    fill
----------------------  --------  ---------  --------  --------  ----  --------
  SFR                   00000000   00000010  00000000  00000010  RWIX
  PERIPHERALS_8BIT      00000010   000000f0  00000000  000000f0  RWIX
  PERIPHERALS_16BIT     00000100   00000100  00000000  00000100  RWIX
  RAM                   00000200   00000200  0000015f  000000a1  RWIX
  INFOD                 00001000   00000040  00000000  00000040  RWIX
  INFOC                 00001040   00000040  00000000  00000040  RWIX
  INFOB                 00001080   00000040  00000000  00000040  RWIX
  INFOA                 000010c0   00000040  00000000  00000040  RWIX
  FLASH                 0000c000   00003fde  0000136e  00002c70  RWIX
  BSLSIGNATURE          0000ffde   00000002  00000002  00000000  RWIX  ffff 
  INT00                 0000ffe0   00000002  00000002  00000000  RWIX
  INT01                 0000ffe2   00000002  00000000  00000002  RWIX
  INT02                 0000ffe4   00000002  00000002  00000000  RWIX
  INT03                 0000ffe6   00000002  00000002  00000000  RWIX
  INT04                 0000ffe8   00000002  00000000  00000002  RWIX
  INT05                 0000ffea   00000002  00000002  00000000  RWIX
  INT06                 0000ffec   00000002  00000002  00000000  RWIX
  INT07                 0000ffee   00000002  00000002  00000000  RWIX
  INT08                 0000fff0   00000002  00000002  00000000  RWIX
  INT09                 0000fff2   00000002  00000002  00000000  RWIX
  INT10                 0000fff4   00000002  00000002  00000000  RWIX
  INT11                 0000fff6   00000002  00000002  00000000  RWIX
  INT12                 0000fff8   00000002  00000002  00000000  RWIX
  INT13                 0000fffa   00000002  00000002  00000000  RWIX
  INT14                 0000fffc   00000002  00000002  00000000  RWIX
  RESET                 0000fffe   00000002  00000002  00000000  RWIX


SECTION ALLOCATION MAP

 output                                  attributes/
section   page    origin      length       input sections
--------  ----  ----------  ----------   ----------------
.bss       0    00000200    0000010d     UNINITIALIZED
                  00000200    00000096     philo.obj (.bss:l_philo)
                  00000296    00000032     main.obj (.bss:philoQueueSto$2)
                  000002c8    0000001c     table.obj (.bss:l_table)
                  000002e4    0000000e     (.common:QActive_registry_)
                  000002f2    0000000c     (.common:QTimeEvt_timeEvtHead_)
                  000002fe    0000000a     main.obj (.bss:tableQueueSto$1)
                  00000308    00000004     bsp.obj (.bss)
                  0000030c    00000001     (.common:QF_readySet_)

.data      0    0000030d    00000002     UNINITIALIZED
                  0000030d    00000002     bsp.obj (.data:buttons$1)

.stack     0    000003b0    00000050     UNINITIALIZED
                  000003b0    00000002     rts430_eabi.lib : boot.c.obj (.stack)
                  000003b2    0000004e     --HOLE--

.text      0    0000c000    0000128c     
                  0000c000    00000224     table.obj (.text:Table_serving)
                  0000c224    00000128     qep_hsm.obj (.text:QHsm_dispatch_)
                  0000c34c    0000011e     qep_hsm.obj (.text:QHsm_tran_)
                  0000c46a    000000ee     table.obj (.text:Table_paused)
                  0000c558    000000d4     qep_hsm.obj (.text:QHsm_init_)
                  0000c62c    000000be     qf_qact.obj (.text:QActive_register_)
                  0000c6ea    000000b4     qf_actq.obj (.text:QActive_post_)
                  0000c79e    000000b2     main.obj (.text:main)
                  0000c850    000000a6     qf_time.obj (.text:QTimeEvt_tick_)
                  0000c8f6    00000092     philo.obj (.text:Philo_eating)
                  0000c988    00000090     qf_actq.obj (.text:QActive_postLIFO_)
                  0000ca18    00000086     qf_actq.obj (.text:QActive_get_)
                  0000ca9e    0000007c     rts430_eabi.lib : copy_decompress_lzss.c.obj (.text:decompress:lzss:__TI_decompress_lzss)
                  0000cb1a    00000078     qf_time.obj (.text:QTimeEvt_armX)
                  0000cb92    00000074     bsp.obj (.text:TIMER0_A0_ISR)
                  0000cc06    00000066     qv.obj (.text:QActive_start_)
                  0000cc6c    00000064     philo.obj (.text:Philo_hungry)
                  0000ccd0    00000062     philo.obj (.text:Philo_thinking)
                  0000cd32    0000005e     qv.obj (.text:QF_run)
                  0000cd90    0000005c     rts430_eabi.lib : lsr32.asm.obj (.text:l_lsr_const)
                  0000cdec    00000058                     : div32u.asm.obj (.text)
                  0000ce44    0000004c                     : lsr16.asm.obj (.text)
                  0000ce90    00000046     table.obj (.text:Table_initial)
                  0000ced6    00000044     philo.obj (.text:Philo_ctor)
                  0000cf1a    00000044     qf_time.obj (.text:QTimeEvt_ctorX)
                  0000cf5e    00000042     rts430_eabi.lib : autoinit.c.obj (.text:__TI_auto_init_nobinit_nopinit:__TI_auto_init_nobinit_nopinit)
                  0000cfa0    0000002e     table.obj (.text:Table_active)
                  0000cfce    0000002c     rts430_eabi.lib : asr16.asm.obj (.text)
                  0000cffa    0000002c                     : div16s.asm.obj (.text)
                  0000d026    0000002c                     : lsl16.asm.obj (.text)
                  0000d052    0000002a     bsp.obj (.text:BSP_init)
                  0000d07c    00000026     qf_qeq.obj (.text:QEQueue_init)
                  0000d0a2    00000026     rts430_eabi.lib : mult32.asm.obj (.text)
                  0000d0c8    00000024     table.obj (.text:Table_ctor)
                  0000d0ec    00000022     bsp.obj (.text:BSP_random)
                  0000d10e    00000022     qv.obj (.text:QF_init)
                  0000d130    00000020     qf_qact.obj (.text:QActive_ctor)
                  0000d150    0000001c     rts430_eabi.lib : boot.c.obj (.text:_c_int00_noargs)
                  0000d16c    0000001a     qf_qact.obj (.text:QF_LOG2)
                  0000d186    00000016     rts430_eabi.lib : div16u.asm.obj (.text)
                  0000d19c    00000014     bsp.obj (.text:BSP_displayPhilStat)
                  0000d1b0    00000014     bsp.obj (.text:QF_onStartup)
                  0000d1c4    00000014     rts430_eabi.lib : copy_zero_init.c.obj (.text:decompress:ZI:__TI_zero_init_nomemset:__TI_zero_init_nomemset)
                  0000d1d8    00000014                     : mult16.asm.obj (.text)
                  0000d1ec    00000012     qep_hsm.obj (.text:QHsm_ctor)
                  0000d1fe    00000012     bsp.obj (.text:QV_onIdle)
                  0000d210    00000012     rts430_eabi.lib : copy_decompress_none.c.obj (.text:decompress:none:__TI_decompress_none)
                  0000d222    00000012                     : memcpy.c.obj (.text:memcpy)
                  0000d234    00000010     qf_qact.obj (.text:QF_bzero)
                  0000d244    00000010     rts430_eabi.lib : epilog.asm.obj (.text)
                  0000d254    0000000a     bsp.obj (.text:BSP_randomSeed)
                  0000d25e    0000000a     philo.obj (.text:Philo_initial)
                  0000d268    00000008     bsp.obj (.text:Q_onAssert)
                  0000d270    00000008     rts430_eabi.lib : isr_trap.asm.obj (.text:_isr:__TI_ISR_TRAP)
                  0000d278    00000006                     : exit.c.obj (.text:abort)
                  0000d27e    00000004     qep_hsm.obj (.text:QHsm_top)
                  0000d282    00000004     rts430_eabi.lib : pre_init.c.obj (.text:_system_pre_init)
                  0000d286    00000002     bsp.obj (.text:BSP_displayPaused)
                  0000d288    00000002     bsp.obj (.text:BSP_terminate)
                  0000d28a    00000002     rts430_eabi.lib : startup.c.obj (.text:_system_post_cinit)

.const     0    0000d28c    000000ca     
                  0000d28c    0000001e     table.obj (.const:.string)
                  0000d2aa    00000014     philo.obj (.const:Philo_doneEvt)
                  0000d2be    00000014     philo.obj (.const:Philo_hungryEvt)
                  0000d2d2    00000010     qf_qact.obj (.const:.string:log2LUT$2)
                  0000d2e2    0000000c     qep_hsm.obj (.const:QEP_reservedEvt_)
                  0000d2ee    0000000b     philo.obj (.const:.string:Q_this_module_)
                  0000d2f9    00000001     --HOLE-- [fill = 0]
                  0000d2fa    0000000b     table.obj (.const:.string:Q_this_module_)
                  0000d305    00000001     --HOLE-- [fill = 0]
                  0000d306    0000000a     main.obj (.const:.string:Q_this_module_)
                  0000d310    0000000a     philo.obj (.const:AO_Philo)
                  0000d31a    0000000a     qf_qact.obj (.const:vtable$1)
                  0000d324    00000008     qep_hsm.obj (.const:.string:Q_this_module_)
                  0000d32c    00000008     qf_actq.obj (.const:.string:Q_this_module_)
                  0000d334    00000008     qf_qact.obj (.const:.string:Q_this_module_)
                  0000d33c    00000008     qf_time.obj (.const:.string:Q_this_module_)
                  0000d344    00000004     qep_hsm.obj (.const:vtable$1)
                  0000d348    00000003     qv.obj (.const:.string:Q_this_module_)
                  0000d34b    00000003     table.obj (.const:Table_eatEvt)
                  0000d34e    00000003     table.obj (.const:pauseEvt)
                  0000d351    00000003     table.obj (.const:serveEvt)
                  0000d354    00000002     table.obj (.const)

.cinit     0    0000d356    00000018     
                  0000d356    00000006     (.cinit..data.load) [load image]
                  0000d35c    00000006     (__TI_handler_table)
                  0000d362    00000004     (.cinit..bss.load) [load image, compression = zero_init]
                  0000d366    00000008     (__TI_cinit_table)

.binit     0    0000c000    00000000     

.init_array 
*          0    0000c000    00000000     UNINITIALIZED

TRAPINT    0    0000ffe0    00000002     
                  0000ffe0    00000002     rts430_eabi.lib : int00.asm.obj (.int00)

PORT1      0    0000ffe4    00000002     
                  0000ffe4    00000002     rts430_eabi.lib : int02.asm.obj (.int02)

PORT2      0    0000ffe6    00000002     
                  0000ffe6    00000002     rts430_eabi.lib : int03.asm.obj (.int03)

ADC10      0    0000ffea    00000002     
                  0000ffea    00000002     rts430_eabi.lib : int05.asm.obj (.int05)

USCIAB0TX 
*          0    0000ffec    00000002     
                  0000ffec    00000002     rts430_eabi.lib : int06.asm.obj (.int06)

USCIAB0RX 
*          0    0000ffee    00000002     
                  0000ffee    00000002     rts430_eabi.lib : int07.asm.obj (.int07)

TIMER0_A1 
*          0    0000fff0    00000002     
                  0000fff0    00000002     rts430_eabi.lib : int08.asm.obj (.int08)

TIMER0_A0 
*          0    0000fff2    00000002     
                  0000fff2    00000002     bsp.obj (.int09)

WDT        0    0000fff4    00000002     
                  0000fff4    00000002     rts430_eabi.lib : int10.asm.obj (.int10)

COMPARATORA 
*          0    0000fff6    00000002     
                  0000fff6    00000002     rts430_eabi.lib : int11.asm.obj (.int11)

TIMER1_A1 
*          0    0000fff8    00000002     
                  0000fff8    00000002     rts430_eabi.lib : int12.asm.obj (.int12)

TIMER1_A0 
*          0    0000fffa    00000002     
                  0000fffa    00000002     rts430_eabi.lib : int13.asm.obj (.int13)

NMI        0    0000fffc    00000002     
                  0000fffc    00000002     rts430_eabi.lib : int14.asm.obj (.int14)

.reset     0    0000fffe    00000002     
                  0000fffe    00000002     rts430_eabi.lib : boot.c.obj (.reset)

$fill000   0    0000ffde    00000002     
                  0000ffde    00000002     --HOLE-- [fill = ffff]

MODULE SUMMARY

       Module                       code   ro data   rw data
       ------                       ----   -------   -------
    ./
       table.obj                    938    52        28     
       philo.obj                    422    61        150    
       main.obj                     178    10        60     
    +--+----------------------------+------+---------+---------+
       Total:                       1538   123       238    
                                                            
    ./qf/
       qep_hsm.obj                  816    24        0      
       qf_actq.obj                  458    8         0      
       qf_time.obj                  354    8         12     
       qf_qact.obj                  264    34        15     
       qf_qeq.obj                   38     0         0      
    +--+----------------------------+------+---------+---------+
       Total:                       1930   74        27     
                                                            
    ./qv/
       bsp.obj                      272    2         6      
       qv.obj                       230    3         0      
    +--+----------------------------+------+---------+---------+
       Total:                       502    5         6      
                                                            
    /home/nounours/ti/ccs1200/ccs/tools/compiler/ti-cgt-msp430_21.6.0.LTS/lib/rts430_eabi.lib
       copy_decompress_lzss.c.obj   124    0         0      
       lsr32.asm.obj                92     0         0      
       div32u.asm.obj               88     0         0      
       lsr16.asm.obj                76     0         0      
       autoinit.c.obj               66     0         0      
       asr16.asm.obj                44     0         0      
       div16s.asm.obj               44     0         0      
       lsl16.asm.obj                44     0         0      
       mult32.asm.obj               38     0         0      
       boot.c.obj                   28     2         0      
       div16u.asm.obj               22     0         0      
       copy_zero_init.c.obj         20     0         0      
       mult16.asm.obj               20     0         0      
       copy_decompress_none.c.obj   18     0         0      
       memcpy.c.obj                 18     0         0      
       epilog.asm.obj               16     0         0      
       isr_trap.asm.obj             8      0         0      
       exit.c.obj                   6      0         0      
       pre_init.c.obj               4      0         0      
       int00.asm.obj                0      2         0      
       int02.asm.obj                0      2         0      
       int03.asm.obj                0      2         0      
       int05.asm.obj                0      2         0      
       int06.asm.obj                0      2         0      
       int07.asm.obj                0      2         0      
       int08.asm.obj                0      2         0      
       int10.asm.obj                0      2         0      
       int11.asm.obj                0      2         0      
       int12.asm.obj                0      2         0      
       int13.asm.obj                0      2         0      
       int14.asm.obj                0      2         0      
       startup.c.obj                2      0         0      
    +--+----------------------------+------+---------+---------+
       Total:                       778    26        0      
                                                            
       Stack:                       0      0         80     
       Linker Generated:            0      24        0      
    +--+----------------------------+------+---------+---------+
       Grand Total:                 4748   252       351    


LINKER GENERATED COPY TABLES

__TI_cinit_table @ 0000d366 records: 2, size/record: 4, table size: 8
	.data: load addr=0000d356, load size=00000006 bytes, run addr=0000030d, run size=00000002 bytes, compression=copy
	.bss: load addr=0000d362, load size=00000004 bytes, run addr=00000200, run size=0000010d bytes, compression=zero_init


LINKER GENERATED HANDLER TABLE

__TI_handler_table @ 0000d35c records: 3, size/record: 2, table size: 6
	index: 0, handler: __TI_zero_init
	index: 1, handler: __TI_decompress_lzss
	index: 2, handler: __TI_decompress_none


GLOBAL SYMBOLS: SORTED ALPHABETICALLY BY Name 

address   name                          
-------   ----                          
0000004a  ADC10AE0                      
000001b0  ADC10CTL0                     
000001b2  ADC10CTL1                     
00000048  ADC10DTC0                     
00000049  ADC10DTC1                     
000001b4  ADC10MEM                      
000001bc  ADC10SA                       
0000d310  AO_Philo                      
0000d354  AO_Table                      
00000057  BCSCTL1                       
00000058  BCSCTL2                       
00000053  BCSCTL3                       
0000d286  BSP_displayPaused             
0000d19c  BSP_displayPhilStat           
0000d052  BSP_init                      
0000d0ec  BSP_random                    
0000d254  BSP_randomSeed                
0000d288  BSP_terminate                 
0000d278  C$$EXIT                       
00000059  CACTL1                        
0000005a  CACTL2                        
000010fb  CALBC1_12MHZ                  
000010f9  CALBC1_16MHZ                  
000010ff  CALBC1_1MHZ                   
000010fd  CALBC1_8MHZ                   
000010fa  CALDCO_12MHZ                  
000010f8  CALDCO_16MHZ                  
000010fe  CALDCO_1MHZ                   
000010fc  CALDCO_8MHZ                   
0000005b  CAPD                          
00000056  DCOCTL                        
00000128  FCTL1                         
0000012a  FCTL2                         
0000012c  FCTL3                         
00000000  IE1                           
00000001  IE2                           
00000002  IFG1                          
00000003  IFG2                          
00000022  P1DIR                         
00000025  P1IE                          
00000024  P1IES                         
00000023  P1IFG                         
00000020  P1IN                          
00000021  P1OUT                         
00000027  P1REN                         
00000026  P1SEL                         
00000041  P1SEL2                        
0000002a  P2DIR                         
0000002d  P2IE                          
0000002c  P2IES                         
0000002b  P2IFG                         
00000028  P2IN                          
00000029  P2OUT                         
0000002f  P2REN                         
0000002e  P2SEL                         
00000042  P2SEL2                        
0000001a  P3DIR                         
00000018  P3IN                          
00000019  P3OUT                         
00000010  P3REN                         
0000001b  P3SEL                         
00000043  P3SEL2                        
0000ced6  Philo_ctor                    
0000d2aa  Philo_doneEvt                 
0000d2be  Philo_hungryEvt               
0000d130  QActive_ctor                  
0000ca18  QActive_get_                  
0000c988  QActive_postLIFO_             
0000c6ea  QActive_post_                 
0000c62c  QActive_register_             
000002e4  QActive_registry_             
0000cc06  QActive_start_                
0000d07c  QEQueue_init                  
0000d16c  QF_LOG2                       
0000d234  QF_bzero                      
0000d10e  QF_init                       
0000d1b0  QF_onStartup                  
0000030c  QF_readySet_                  
0000cd32  QF_run                        
0000d1ec  QHsm_ctor                     
0000c224  QHsm_dispatch_                
0000c558  QHsm_init_                    
0000d27e  QHsm_top                      
0000c34c  QHsm_tran_                    
0000cb1a  QTimeEvt_armX                 
0000cf1a  QTimeEvt_ctorX                
0000c850  QTimeEvt_tick_                
000002f2  QTimeEvt_timeEvtHead_         
0000d1fe  QV_onIdle                     
0000d268  Q_onAssert                    
00000172  TA0CCR0                       
00000174  TA0CCR1                       
00000176  TA0CCR2                       
00000162  TA0CCTL0                      
00000164  TA0CCTL1                      
00000166  TA0CCTL2                      
00000160  TA0CTL                        
0000012e  TA0IV                         
00000170  TA0R                          
00000192  TA1CCR0                       
00000194  TA1CCR1                       
00000196  TA1CCR2                       
00000182  TA1CCTL0                      
00000184  TA1CCTL1                      
00000186  TA1CCTL2                      
00000180  TA1CTL                        
0000011e  TA1IV                         
00000190  TA1R                          
0000cb92  TIMER0_A0_ISR                 
000010db  TLV_ADC10_1_LEN               
000010da  TLV_ADC10_1_TAG               
000010c0  TLV_CHECKSUM                  
000010f7  TLV_DCO_30_LEN                
000010f6  TLV_DCO_30_TAG                
0000d0c8  Table_ctor                    
0000d34b  Table_eatEvt                  
0000005d  UCA0ABCTL                     
00000062  UCA0BR0                       
00000063  UCA0BR1                       
00000060  UCA0CTL0                      
00000061  UCA0CTL1                      
0000005f  UCA0IRRCTL                    
0000005e  UCA0IRTCTL                    
00000064  UCA0MCTL                      
00000066  UCA0RXBUF                     
00000065  UCA0STAT                      
00000067  UCA0TXBUF                     
0000006a  UCB0BR0                       
0000006b  UCB0BR1                       
00000068  UCB0CTL0                      
00000069  UCB0CTL1                      
0000006c  UCB0I2CIE                     
00000118  UCB0I2COA                     
0000011a  UCB0I2CSA                     
0000006e  UCB0RXBUF                     
0000006d  UCB0STAT                      
0000006f  UCB0TXBUF                     
00000120  WDTCTL                        
00000400  __STACK_END                   
00000050  __STACK_SIZE                  
0000d366  __TI_CINIT_Base               
0000d36e  __TI_CINIT_Limit              
0000d36e  __TI_CINIT_Warm               
0000d35c  __TI_Handler_Table_Base       
0000d362  __TI_Handler_Table_Limit      
0000d270  __TI_ISR_TRAP                 
0000cf5e  __TI_auto_init_nobinit_nopinit
0000ca9e  __TI_decompress_lzss          
0000d210  __TI_decompress_none          
0000ffe0  __TI_int00                    
0000ffe4  __TI_int02                    
0000ffe6  __TI_int03                    
0000ffea  __TI_int05                    
0000ffec  __TI_int06                    
0000ffee  __TI_int07                    
0000fff0  __TI_int08                    
0000fff2  __TI_int09                    
0000fff4  __TI_int10                    
0000fff6  __TI_int11                    
0000fff8  __TI_int12                    
0000fffa  __TI_int13                    
0000fffc  __TI_int14                    
ffffffff  __TI_pprof_out_hndl           
ffffffff  __TI_prof_data_size           
ffffffff  __TI_prof_data_start          
0000d1c4  __TI_zero_init_nomemset       
ffffffff  __c_args__                    
0000cffa  __mspabi_divi                 
0000d186  __mspabi_divu                 
0000cdec  __mspabi_divul                
0000d250  __mspabi_func_epilog_1        
0000d24e  __mspabi_func_epilog_2        
0000d24c  __mspabi_func_epilog_3        
0000d24a  __mspabi_func_epilog_4        
0000d248  __mspabi_func_epilog_5        
0000d246  __mspabi_func_epilog_6        
0000d244  __mspabi_func_epilog_7        
0000d1d8  __mspabi_mpyi                 
0000d1d8  __mspabi_mpyi_sw              
0000d0a2  __mspabi_mpyl                 
0000d0a2  __mspabi_mpyl_sw              
0000cffa  __mspabi_remi                 
0000d186  __mspabi_remu                 
0000cdec  __mspabi_remul                
0000d026  __mspabi_slli                 
0000d04e  __mspabi_slli_1               
0000d03c  __mspabi_slli_10              
0000d03a  __mspabi_slli_11              
0000d038  __mspabi_slli_12              
0000d036  __mspabi_slli_13              
0000d034  __mspabi_slli_14              
0000d032  __mspabi_slli_15              
0000d04c  __mspabi_slli_2               
0000d04a  __mspabi_slli_3               
0000d048  __mspabi_slli_4               
0000d046  __mspabi_slli_5               
0000d044  __mspabi_slli_6               
0000d042  __mspabi_slli_7               
0000d040  __mspabi_slli_8               
0000d03e  __mspabi_slli_9               
0000cfce  __mspabi_srai                 
0000cff6  __mspabi_srai_1               
0000cfe4  __mspabi_srai_10              
0000cfe2  __mspabi_srai_11              
0000cfe0  __mspabi_srai_12              
0000cfde  __mspabi_srai_13              
0000cfdc  __mspabi_srai_14              
0000cfda  __mspabi_srai_15              
0000cff4  __mspabi_srai_2               
0000cff2  __mspabi_srai_3               
0000cff0  __mspabi_srai_4               
0000cfee  __mspabi_srai_5               
0000cfec  __mspabi_srai_6               
0000cfea  __mspabi_srai_7               
0000cfe8  __mspabi_srai_8               
0000cfe6  __mspabi_srai_9               
0000ce44  __mspabi_srli                 
0000ce8a  __mspabi_srli_1               
0000ce66  __mspabi_srli_10              
0000ce62  __mspabi_srli_11              
0000ce5e  __mspabi_srli_12              
0000ce5a  __mspabi_srli_13              
0000ce56  __mspabi_srli_14              
0000ce52  __mspabi_srli_15              
0000ce86  __mspabi_srli_2               
0000ce82  __mspabi_srli_3               
0000ce7e  __mspabi_srli_4               
0000ce7a  __mspabi_srli_5               
0000ce76  __mspabi_srli_6               
0000ce72  __mspabi_srli_7               
0000ce6e  __mspabi_srli_8               
0000ce6a  __mspabi_srli_9               
0000cde4  __mspabi_srll_1               
0000cdae  __mspabi_srll_10              
0000cda8  __mspabi_srll_11              
0000cda2  __mspabi_srll_12              
0000cd9c  __mspabi_srll_13              
0000cd96  __mspabi_srll_14              
0000cd90  __mspabi_srll_15              
0000cdde  __mspabi_srll_2               
0000cdd8  __mspabi_srll_3               
0000cdd2  __mspabi_srll_4               
0000cdcc  __mspabi_srll_5               
0000cdc6  __mspabi_srll_6               
0000cdc0  __mspabi_srll_7               
0000cdba  __mspabi_srll_8               
0000cdb4  __mspabi_srll_9               
0000d150  _c_int00_noargs               
0000fffe  _reset_vector                 
000003b0  _stack                        
0000d28a  _system_post_cinit            
0000d282  _system_pre_init              
0000d278  abort                         
0000c79e  main                          
0000d222  memcpy                        
0000d34e  pauseEvt                      
0000d351  serveEvt                      


GLOBAL SYMBOLS: SORTED BY Symbol Address 

address   name                          
-------   ----                          
00000000  IE1                           
00000001  IE2                           
00000002  IFG1                          
00000003  IFG2                          
00000010  P3REN                         
00000018  P3IN                          
00000019  P3OUT                         
0000001a  P3DIR                         
0000001b  P3SEL                         
00000020  P1IN                          
00000021  P1OUT                         
00000022  P1DIR                         
00000023  P1IFG                         
00000024  P1IES                         
00000025  P1IE                          
00000026  P1SEL                         
00000027  P1REN                         
00000028  P2IN                          
00000029  P2OUT                         
0000002a  P2DIR                         
0000002b  P2IFG                         
0000002c  P2IES                         
0000002d  P2IE                          
0000002e  P2SEL                         
0000002f  P2REN                         
00000041  P1SEL2                        
00000042  P2SEL2                        
00000043  P3SEL2                        
00000048  ADC10DTC0                     
00000049  ADC10DTC1                     
0000004a  ADC10AE0                      
00000050  __STACK_SIZE                  
00000053  BCSCTL3                       
00000056  DCOCTL                        
00000057  BCSCTL1                       
00000058  BCSCTL2                       
00000059  CACTL1                        
0000005a  CACTL2                        
0000005b  CAPD                          
0000005d  UCA0ABCTL                     
0000005e  UCA0IRTCTL                    
0000005f  UCA0IRRCTL                    
00000060  UCA0CTL0                      
00000061  UCA0CTL1                      
00000062  UCA0BR0                       
00000063  UCA0BR1                       
00000064  UCA0MCTL                      
00000065  UCA0STAT                      
00000066  UCA0RXBUF                     
00000067  UCA0TXBUF                     
00000068  UCB0CTL0                      
00000069  UCB0CTL1                      
0000006a  UCB0BR0                       
0000006b  UCB0BR1                       
0000006c  UCB0I2CIE                     
0000006d  UCB0STAT                      
0000006e  UCB0RXBUF                     
0000006f  UCB0TXBUF                     
00000118  UCB0I2COA                     
0000011a  UCB0I2CSA                     
0000011e  TA1IV                         
00000120  WDTCTL                        
00000128  FCTL1                         
0000012a  FCTL2                         
0000012c  FCTL3                         
0000012e  TA0IV                         
00000160  TA0CTL                        
00000162  TA0CCTL0                      
00000164  TA0CCTL1                      
00000166  TA0CCTL2                      
00000170  TA0R                          
00000172  TA0CCR0                       
00000174  TA0CCR1                       
00000176  TA0CCR2                       
00000180  TA1CTL                        
00000182  TA1CCTL0                      
00000184  TA1CCTL1                      
00000186  TA1CCTL2                      
00000190  TA1R                          
00000192  TA1CCR0                       
00000194  TA1CCR1                       
00000196  TA1CCR2                       
000001b0  ADC10CTL0                     
000001b2  ADC10CTL1                     
000001b4  ADC10MEM                      
000001bc  ADC10SA                       
000002e4  QActive_registry_             
000002f2  QTimeEvt_timeEvtHead_         
0000030c  QF_readySet_                  
000003b0  _stack                        
00000400  __STACK_END                   
000010c0  TLV_CHECKSUM                  
000010da  TLV_ADC10_1_TAG               
000010db  TLV_ADC10_1_LEN               
000010f6  TLV_DCO_30_TAG                
000010f7  TLV_DCO_30_LEN                
000010f8  CALDCO_16MHZ                  
000010f9  CALBC1_16MHZ                  
000010fa  CALDCO_12MHZ                  
000010fb  CALBC1_12MHZ                  
000010fc  CALDCO_8MHZ                   
000010fd  CALBC1_8MHZ                   
000010fe  CALDCO_1MHZ                   
000010ff  CALBC1_1MHZ                   
0000c224  QHsm_dispatch_                
0000c34c  QHsm_tran_                    
0000c558  QHsm_init_                    
0000c62c  QActive_register_             
0000c6ea  QActive_post_                 
0000c79e  main                          
0000c850  QTimeEvt_tick_                
0000c988  QActive_postLIFO_             
0000ca18  QActive_get_                  
0000ca9e  __TI_decompress_lzss          
0000cb1a  QTimeEvt_armX                 
0000cb92  TIMER0_A0_ISR                 
0000cc06  QActive_start_                
0000cd32  QF_run                        
0000cd90  __mspabi_srll_15              
0000cd96  __mspabi_srll_14              
0000cd9c  __mspabi_srll_13              
0000cda2  __mspabi_srll_12              
0000cda8  __mspabi_srll_11              
0000cdae  __mspabi_srll_10              
0000cdb4  __mspabi_srll_9               
0000cdba  __mspabi_srll_8               
0000cdc0  __mspabi_srll_7               
0000cdc6  __mspabi_srll_6               
0000cdcc  __mspabi_srll_5               
0000cdd2  __mspabi_srll_4               
0000cdd8  __mspabi_srll_3               
0000cdde  __mspabi_srll_2               
0000cde4  __mspabi_srll_1               
0000cdec  __mspabi_divul                
0000cdec  __mspabi_remul                
0000ce44  __mspabi_srli                 
0000ce52  __mspabi_srli_15              
0000ce56  __mspabi_srli_14              
0000ce5a  __mspabi_srli_13              
0000ce5e  __mspabi_srli_12              
0000ce62  __mspabi_srli_11              
0000ce66  __mspabi_srli_10              
0000ce6a  __mspabi_srli_9               
0000ce6e  __mspabi_srli_8               
0000ce72  __mspabi_srli_7               
0000ce76  __mspabi_srli_6               
0000ce7a  __mspabi_srli_5               
0000ce7e  __mspabi_srli_4               
0000ce82  __mspabi_srli_3               
0000ce86  __mspabi_srli_2               
0000ce8a  __mspabi_srli_1               
0000ced6  Philo_ctor                    
0000cf1a  QTimeEvt_ctorX                
0000cf5e  __TI_auto_init_nobinit_nopinit
0000cfce  __mspabi_srai                 
0000cfda  __mspabi_srai_15              
0000cfdc  __mspabi_srai_14              
0000cfde  __mspabi_srai_13              
0000cfe0  __mspabi_srai_12              
0000cfe2  __mspabi_srai_11              
0000cfe4  __mspabi_srai_10              
0000cfe6  __mspabi_srai_9               
0000cfe8  __mspabi_srai_8               
0000cfea  __mspabi_srai_7               
0000cfec  __mspabi_srai_6               
0000cfee  __mspabi_srai_5               
0000cff0  __mspabi_srai_4               
0000cff2  __mspabi_srai_3               
0000cff4  __mspabi_srai_2               
0000cff6  __mspabi_srai_1               
0000cffa  __mspabi_divi                 
0000cffa  __mspabi_remi                 
0000d026  __mspabi_slli                 
0000d032  __mspabi_slli_15              
0000d034  __mspabi_slli_14              
0000d036  __mspabi_slli_13              
0000d038  __mspabi_slli_12              
0000d03a  __mspabi_slli_11              
0000d03c  __mspabi_slli_10              
0000d03e  __mspabi_slli_9               
0000d040  __mspabi_slli_8               
0000d042  __mspabi_slli_7               
0000d044  __mspabi_slli_6               
0000d046  __mspabi_slli_5               
0000d048  __mspabi_slli_4               
0000d04a  __mspabi_slli_3               
0000d04c  __mspabi_slli_2               
0000d04e  __mspabi_slli_1               
0000d052  BSP_init                      
0000d07c  QEQueue_init                  
0000d0a2  __mspabi_mpyl                 
0000d0a2  __mspabi_mpyl_sw              
0000d0c8  Table_ctor                    
0000d0ec  BSP_random                    
0000d10e  QF_init                       
0000d130  QActive_ctor                  
0000d150  _c_int00_noargs               
0000d16c  QF_LOG2                       
0000d186  __mspabi_divu                 
0000d186  __mspabi_remu                 
0000d19c  BSP_displayPhilStat           
0000d1b0  QF_onStartup                  
0000d1c4  __TI_zero_init_nomemset       
0000d1d8  __mspabi_mpyi                 
0000d1d8  __mspabi_mpyi_sw              
0000d1ec  QHsm_ctor                     
0000d1fe  QV_onIdle                     
0000d210  __TI_decompress_none          
0000d222  memcpy                        
0000d234  QF_bzero                      
0000d244  __mspabi_func_epilog_7        
0000d246  __mspabi_func_epilog_6        
0000d248  __mspabi_func_epilog_5        
0000d24a  __mspabi_func_epilog_4        
0000d24c  __mspabi_func_epilog_3        
0000d24e  __mspabi_func_epilog_2        
0000d250  __mspabi_func_epilog_1        
0000d254  BSP_randomSeed                
0000d268  Q_onAssert                    
0000d270  __TI_ISR_TRAP                 
0000d278  C$$EXIT                       
0000d278  abort                         
0000d27e  QHsm_top                      
0000d282  _system_pre_init              
0000d286  BSP_displayPaused             
0000d288  BSP_terminate                 
0000d28a  _system_post_cinit            
0000d2aa  Philo_doneEvt                 
0000d2be  Philo_hungryEvt               
0000d310  AO_Philo                      
0000d34b  Table_eatEvt                  
0000d34e  pauseEvt                      
0000d351  serveEvt                      
0000d354  AO_Table                      
0000d35c  __TI_Handler_Table_Base       
0000d362  __TI_Handler_Table_Limit      
0000d366  __TI_CINIT_Base               
0000d36e  __TI_CINIT_Limit              
0000d36e  __TI_CINIT_Warm               
0000ffe0  __TI_int00                    
0000ffe4  __TI_int02                    
0000ffe6  __TI_int03                    
0000ffea  __TI_int05                    
0000ffec  __TI_int06                    
0000ffee  __TI_int07                    
0000fff0  __TI_int08                    
0000fff2  __TI_int09                    
0000fff4  __TI_int10                    
0000fff6  __TI_int11                    
0000fff8  __TI_int12                    
0000fffa  __TI_int13                    
0000fffc  __TI_int14                    
0000fffe  _reset_vector                 
ffffffff  __TI_pprof_out_hndl           
ffffffff  __TI_prof_data_size           
ffffffff  __TI_prof_data_start          
ffffffff  __c_args__                    

[257 symbols]
